10-05 02:45 PHerc0211 114 sites {'y': 70, 'x': 44}
10-05 08:57 PHerc0211 114 sites {'y': 70, 'x': 44}
10-05 08:59 z9100_y4200_x3000 y valid 0.851 {'ens_fwd': (0.083, 0.022), 'ens_rev': (0.211, 0.03)} one-sided -0.128 169 s
10-05 09:02 z10400_y3000_x3000 y valid 0.763 {'ens_fwd': (0.113, 0.038), 'ens_rev': (0.276, 0.05)} one-sided -0.163 179 s
10-05 09:06 z10400_y3000_x4200 x valid 0.42 {'ens_fwd': (0.133, 0.067), 'ens_rev': (0.08, 0.033)} one-sided 0.053 236 s
10-05 09:09 z9100_y3000_x3000 y valid 0.871 {'ens_fwd': (0.002, 0.0), 'ens_rev': (0.665, 0.144)} one-sided -0.663 155 s
10-05 09:12 z9100_y4200_x4200 y valid 0.788 {'ens_fwd': (0.131, 0.033), 'ens_rev': (0.939, 0.229)} one-sided -0.808 163 s
10-05 09:14 z10400_y4200_x3000 y valid 0.898 {'ens_fwd': (0.442, 0.255), 'ens_rev': (0.101, 0.016)} one-sided 0.341 166 s
10-05 09:17 z10400_y4200_x4200 y valid 0.905 {'ens_fwd': (0.034, 0.091), 'ens_rev': (0.01, 0.006)} one-sided 0.024 170 s
10-05 09:20 z9100_y3000_x4200 x valid 0.586 {'ens_fwd': (0.184, 0.088), 'ens_rev': (0.331, 0.127)} one-sided -0.147 157 s
10-05 09:22 z9100_y4200_x1800 y valid 0.335 {'ens_fwd': (0.0, 0.0), 'ens_rev': (0.006, 0.005)} one-sided -0.006 128 s
10-05 09:24 z9100_y3000_x1800 x valid 0.555 {'ens_fwd': (0.015, 0.009), 'ens_rev': (0.007, 0.004)} one-sided 0.008 149 s
10-05 09:27 z10400_y3000_x1800 x valid 0.314 {'ens_fwd': (0.129, 0.083), 'ens_rev': (0.02, 0.041)} one-sided 0.109 165 s
10-05 09:31 z10400_y4200_x5400 y valid 0.79 {'ens_fwd': (0.663, 0.257), 'ens_rev': (0.067, 0.028)} one-sided 0.596 202 s
10-05 09:33 z9100_y4200_x5400 y valid 0.336 {'ens_fwd': (0.301, 0.211), 'ens_rev': (0.109, 0.122)} one-sided 0.192 151 s
10-05 09:36 z13000_y3000_x4200 y valid 0.61 {'ens_fwd': (0.256, 0.093), 'ens_rev': (0.344, 0.157)} one-sided -0.088 181 s
10-05 09:39 z11700_y3000_x4200 y valid 0.694 {'ens_fwd': (0.105, 0.103), 'ens_rev': (0.074, 0.05)} one-sided 0.031 201 s
10-05 09:41 z6500_y4200_x3000 empty sheet 0.003
10-05 09:47 z7800_y4200_x3000 y valid 0.986 {'ens_fwd': (0.754, 0.199), 'ens_rev': (0.131, 0.017)} one-sided 0.623 351 s
10-05 09:50 z11700_y3000_x3000 y valid 0.75 {'ens_fwd': (0.005, 0.002), 'ens_rev': (0.151, 0.184)} one-sided -0.146 155 s
10-05 09:53 z6500_y4200_x4200 x valid 0.454 {'ens_fwd': (0.194, 0.059), 'ens_rev': (0.192, 0.115)} one-sided 0.002 201 s
10-05 09:56 z13000_y4200_x4200 y valid 0.491 {'ens_fwd': (0.055, 0.051), 'ens_rev': (0.008, 0.008)} one-sided 0.047 187 s
10-05 09:59 z7800_y4200_x4200 y valid 0.739 {'ens_fwd': (0.208, 0.062), 'ens_rev': (0.31, 0.031)} one-sided -0.102 192 s
10-05 10:03 z13000_y3000_x3000 x valid 0.751 {'ens_fwd': (0.006, 0.009), 'ens_rev': (0.013, 0.045)} one-sided -0.007 228 s
10-05 10:07 z13000_y3000_x5400 y valid 0.274 {'ens_fwd': (0.013, 0.023), 'ens_rev': (0.014, 0.073)} one-sided -0.001 199 s
10-05 10:10 z11700_y4200_x4200 x valid 0.477 {'ens_fwd': (0.0, 0.0), 'ens_rev': (0.0, 0.0)} one-sided 0.0 194 s
10-05 10:13 z13000_y1800_x4200 y valid 0.913 {'ens_fwd': (0.103, 0.09), 'ens_rev': (0.033, 0.027)} one-sided 0.07 195 s
10-05 10:16 z7800_y3000_x3000 y valid 0.415 {'ens_fwd': (0.0, 0.0), 'ens_rev': (0.003, 0.001)} one-sided -0.003 177 s
10-05 10:19 z11700_y1800_x4200 y valid 0.863 {'ens_fwd': (0.094, 0.079), 'ens_rev': (0.106, 0.021)} one-sided -0.012 194 s
10-05 10:22 z6500_y3000_x3000 y valid 0.87 {'ens_fwd': (0.443, 0.073), 'ens_rev': (0.172, 0.045)} one-sided 0.271 191 s
10-05 10:25 z13000_y4200_x3000 x valid 0.538 {'ens_fwd': (0.0, 0.0), 'ens_rev': (0.0, 0.0)} one-sided 0.0 152 s
10-05 10:28 z13000_y4200_x5400 y valid 0.492 {'ens_fwd': (0.462, 0.31), 'ens_rev': (0.077, 0.024)} one-sided 0.385 158 s
10-05 10:30 z7800_y3000_x4200 x valid 0.403 {'ens_fwd': (0.289, 0.117), 'ens_rev': (0.044, 0.187)} one-sided 0.245 147 s
10-05 10:33 z11700_y4200_x3000 y valid 0.813 {'ens_fwd': (0.0, 0.0), 'ens_rev': (0.055, 0.018)} one-sided -0.055 152 s
10-05 10:35 z11700_y3000_x5400 y valid 0.62 {'ens_fwd': (0.019, 0.048), 'ens_rev': (0.047, 0.053)} one-sided -0.028 150 s
10-05 10:37 z6500_y3000_x4200 x valid 0.53 {'ens_fwd': (0.067, 0.1), 'ens_rev': (0.019, 0.009)} one-sided 0.048 140 s
10-05 10:40 z11700_y1800_x3000 y valid 0.884 {'ens_fwd': (0.297, 0.139), 'ens_rev': (0.207, 0.053)} one-sided 0.09 146 s
10-05 10:42 z13000_y1800_x5400 y valid 0.873 {'ens_fwd': (0.123, 0.014), 'ens_rev': (0.259, 0.118)} one-sided -0.136 154 s
10-05 10:45 z13000_y1800_x3000 y valid 0.774 {'ens_fwd': (0.029, 0.008), 'ens_rev': (0.001, 0.0)} one-sided 0.028 142 s
10-05 10:47 z11700_y4200_x5400 y valid 0.349 {'ens_fwd': (0.0, 0.0), 'ens_rev': (0.065, 0.257)} one-sided -0.065 151 s
10-05 10:50 z6500_y4200_x1800 y valid 0.758 {'ens_fwd': (0.098, 0.031), 'ens_rev': (0.023, 0.008)} one-sided 0.075 157 s
10-05 10:52 z11700_y1800_x5400 y valid 0.487 {'ens_fwd': (0.075, 0.02), 'ens_rev': (0.396, 0.16)} one-sided -0.321 127 s
10-05 10:55 z11700_y3000_x1800 y valid 0.634 {'ens_fwd': (0.053, 0.045), 'ens_rev': (0.005, 0.004)} one-sided 0.048 147 s
10-05 10:57 z7800_y4200_x1800 y valid 0.903 {'ens_fwd': (0.329, 0.067), 'ens_rev': (0.027, 0.006)} one-sided 0.302 156 s
10-05 10:59 z13000_y3000_x6600 x valid 0.491 {'ens_fwd': (0.102, 0.063), 'ens_rev': (0.007, 0.011)} one-sided 0.095 136 s
10-05 11:02 z13000_y3000_x1800 x valid 0.493 {'ens_fwd': (0.0, 0.0), 'ens_rev': (0.009, 0.013)} one-sided -0.009 146 s
10-05 11:04 z6500_y4200_x5400 x valid 0.319 {'ens_fwd': (0.141, 0.062), 'ens_rev': (0.109, 0.036)} one-sided 0.032 126 s
10-05 11:06 z14300_y3000_x4200 y valid 0.529 {'ens_fwd': (0.032, 0.015), 'ens_rev': (0.09, 0.05)} one-sided -0.058 148 s
10-05 11:09 z3900_y4200_x4200 y valid 0.701 {'ens_fwd': (0.018, 0.023), 'ens_rev': (0.074, 0.032)} one-sided -0.056 152 s
10-05 11:12 z15600_y4200_x4200 x valid 0.473 {'ens_fwd': (0.02, 0.027), 'ens_rev': (0.021, 0.02)} one-sided -0.001 191 s
10-05 11:15 z5200_y4200_x4200 y valid 0.829 {'ens_fwd': (0.357, 0.153), 'ens_rev': (0.486, 0.114)} one-sided -0.129 156 s
10-05 11:17 z14300_y4200_x4200 y valid 0.739 {'ens_fwd': (0.163, 0.048), 'ens_rev': (0.13, 0.046)} one-sided 0.033 152 s
10-05 11:20 z15600_y4200_x3000 y valid 0.402 {'ens_fwd': (0.17, 0.096), 'ens_rev': (0.109, 0.101)} one-sided 0.061 147 s
10-05 11:22 z5200_y4200_x3000 y valid 0.971 {'ens_fwd': (0.376, 0.105), 'ens_rev': (0.169, 0.036)} one-sided 0.207 149 s
10-05 11:25 z15600_y3000_x4200 y valid 0.62 {'ens_fwd': (0.118, 0.039), 'ens_rev': (0.008, 0.012)} one-sided 0.11 148 s
10-05 11:27 z3900_y4200_x3000 y valid 0.396 {'ens_fwd': (0.0, 0.0), 'ens_rev': (0.101, 0.092)} one-sided -0.101 141 s
10-05 11:29 z14300_y3000_x3000 y valid 0.536 {'ens_fwd': (0.023, 0.066), 'ens_rev': (0.005, 0.007)} one-sided 0.018 139 s
10-05 11:32 z15600_y3000_x3000 y valid 0.374 {'ens_fwd': (0.0, 0.0), 'ens_rev': (0.009, 0.035)} one-sided -0.009 137 s
10-05 11:34 z14300_y4200_x3000 y valid 0.496 {'ens_fwd': (0.022, 0.02), 'ens_rev': (0.083, 0.067)} one-sided -0.061 142 s
10-05 11:36 z3900_y5400_x4200 y valid 0.637 {'ens_fwd': (0.043, 0.022), 'ens_rev': (0.025, 0.009)} one-sided 0.018 143 s
10-05 11:39 z14300_y3000_x5400 y valid 0.456 {'ens_fwd': (0.212, 0.101), 'ens_rev': (0.181, 0.338)} one-sided 0.031 145 s
10-05 11:41 z14300_y4200_x5400 x valid 0.608 {'ens_fwd': (0.155, 0.362), 'ens_rev': (0.016, 0.013)} one-sided 0.139 151 s
10-05 11:44 z5200_y3000_x4200 y valid 0.816 {'ens_fwd': (0.247, 0.082), 'ens_rev': (0.022, 0.014)} one-sided 0.225 152 s
10-05 11:46 z14300_y1800_x4200 y valid 0.745 {'ens_fwd': (0.142, 0.07), 'ens_rev': (0.022, 0.014)} one-sided 0.12 151 s
10-05 11:49 z3900_y5400_x3000 y valid 0.812 {'ens_fwd': (0.32, 0.089), 'ens_rev': (0.371, 0.089)} one-sided -0.051 140 s
10-05 11:51 z15600_y5400_x4200 y valid 0.771 {'ens_fwd': (0.043, 0.025), 'ens_rev': (0.046, 0.026)} one-sided -0.003 154 s
10-05 11:53 z5200_y3000_x3000 y valid 0.751 {'ens_fwd': (0.482, 0.248), 'ens_rev': (0.309, 0.082)} one-sided 0.173 130 s
10-05 11:56 z15600_y4200_x5400 x valid 0.874 {'ens_fwd': (0.143, 0.08), 'ens_rev': (0.237, 0.141)} one-sided -0.094 151 s
10-05 11:58 z15600_y5400_x3000 y valid 0.674 {'ens_fwd': (0.06, 0.078), 'ens_rev': (0.083, 0.035)} one-sided -0.023 153 s
10-05 12:01 z14300_y1800_x3000 x valid 0.662 {'ens_fwd': (0.0, 0.0), 'ens_rev': (0.019, 0.012)} one-sided -0.019 137 s
10-05 12:03 z15600_y3000_x5400 x valid 0.703 {'ens_fwd': (0.359, 0.098), 'ens_rev': (0.239, 0.055)} one-sided 0.12 149 s
10-05 12:06 z15600_y4200_x1800 x valid 0.669 {'ens_fwd': (0.11, 0.052), 'ens_rev': (0.235, 0.089)} one-sided -0.125 149 s
10-05 12:08 z14300_y5400_x4200 y valid 0.498 {'ens_fwd': (0.105, 0.118), 'ens_rev': (0.122, 0.056)} one-sided -0.017 145 s
10-05 12:11 z3900_y4200_x5400 x valid 0.667 {'ens_fwd': (0.488, 0.157), 'ens_rev': (0.251, 0.09)} one-sided 0.237 152 s
10-05 12:13 z15600_y1800_x4200 y valid 0.854 {'ens_fwd': (0.107, 0.031), 'ens_rev': (0.077, 0.046)} one-sided 0.03 157 s
10-05 12:15 z15600_y3000_x1800 x valid 0.393 {'ens_fwd': (0.188, 0.183), 'ens_rev': (0.263, 0.241)} one-sided -0.075 134 s
10-05 12:18 z14300_y1800_x5400 y valid 0.667 {'ens_fwd': (0.165, 0.166), 'ens_rev': (0.212, 0.277)} one-sided -0.047 150 s
10-05 12:20 z15600_y1800_x3000 y valid 0.636 {'ens_fwd': (0.106, 0.08), 'ens_rev': (0.629, 0.457)} one-sided -0.523 134 s
10-05 12:23 z14300_y5400_x3000 y valid 0.639 {'ens_fwd': (0.215, 0.152), 'ens_rev': (0.18, 0.053)} one-sided 0.035 138 s
10-05 12:25 z14300_y3000_x1800 x valid 0.536 {'ens_fwd': (0.075, 0.087), 'ens_rev': (0.0, 0.0)} one-sided 0.075 145 s
10-05 12:28 z5200_y4200_x5400 x valid 0.703 {'ens_fwd': (0.241, 0.07), 'ens_rev': (0.202, 0.204)} one-sided 0.039 156 s
10-05 12:30 z14300_y4200_x1800 x valid 0.383 {'ens_fwd': (0.009, 0.1), 'ens_rev': (0.009, 0.027)} one-sided 0.0 139 s
10-05 12:32 z15600_y5400_x5400 x valid 0.684 {'ens_fwd': (0.292, 0.1), 'ens_rev': (0.079, 0.028)} one-sided 0.213 140 s
10-05 12:34 z3900_y5400_x5400 y valid 0.876 {'ens_fwd': (0.062, 0.035), 'ens_rev': (0.001, 0.0)} one-sided 0.061 135 s
10-05 12:37 z14300_y5400_x5400 x valid 0.466 {'ens_fwd': (0.045, 0.079), 'ens_rev': (0.099, 0.124)} one-sided -0.054 142 s
10-05 12:39 z5200_y4200_x1800 x valid 0.303 {'ens_fwd': (0.043, 0.04), 'ens_rev': (0.0, 0.0)} one-sided 0.043 161 s
10-05 12:42 z15600_y5400_x1800 y valid 0.394 {'ens_fwd': (0.2, 0.154), 'ens_rev': (0.033, 0.018)} one-sided 0.167 164 s
10-05 12:45 z3900_y4200_x1800 x valid 0.311 {'ens_fwd': (0.048, 0.044), 'ens_rev': (0.021, 0.055)} one-sided 0.027 162 s
10-05 12:47 z15600_y1800_x5400 x valid 0.283 {'ens_fwd': (0.399, 0.407), 'ens_rev': (0.61, 0.366)} one-sided -0.211 146 s
10-05 12:49 z5200_y3000_x5400 y valid 0.481 {'ens_fwd': (0.182, 0.086), 'ens_rev': (0.406, 0.252)} one-sided -0.224 121 s
10-05 12:51 z3900_y5400_x1800 y valid 0.494 {'ens_fwd': (0.009, 0.05), 'ens_rev': (0.0, 0.0)} one-sided 0.009 126 s
10-05 12:54 z16900_y4200_x3000 x valid 0.606 {'ens_fwd': (0.098, 0.04), 'ens_rev': (0.195, 0.193)} one-sided -0.097 156 s
10-05 12:57 z2600_y5400_x4200 y valid 0.738 {'ens_fwd': (0.134, 0.029), 'ens_rev': (0.352, 0.107)} one-sided -0.218 153 s
10-05 12:59 z18200_y5400_x3000 x valid 0.69 {'ens_fwd': (0.0, 0.0), 'ens_rev': (0.061, 0.036)} one-sided -0.061 148 s
10-05 13:02 z2600_y4200_x4200 y valid 0.903 {'ens_fwd': (0.522, 0.204), 'ens_rev': (0.212, 0.055)} one-sided 0.31 151 s
10-05 13:04 z16900_y4200_x4200 y valid 0.427 {'ens_fwd': (0.008, 0.069), 'ens_rev': (0.004, 0.063)} one-sided 0.004 161 s
10-05 13:07 z18200_y4200_x3000 x valid 0.649 {'ens_fwd': (0.096, 0.025), 'ens_rev': (0.09, 0.056)} one-sided 0.006 152 s
10-05 13:08 z1300_y600_x6600 empty sheet 0.001
10-05 13:10 z2600_y5400_x3000 y valid 0.425 {'ens_fwd': (0.032, 0.011), 'ens_rev': (0.117, 0.052)} one-sided -0.085 140 s
10-05 13:12 z16900_y3000_x3000 y valid 0.637 {'ens_fwd': (0.0, 0.0), 'ens_rev': (0.036, 0.035)} one-sided -0.036 149 s
10-05 13:15 z16900_y5400_x3000 y valid 0.738 {'ens_fwd': (0.074, 0.014), 'ens_rev': (0.085, 0.013)} one-sided -0.011 158 s
10-05 13:17 z18200_y5400_x4200 x valid 0.388 {'ens_fwd': (0.099, 0.089), 'ens_rev': (0.001, 0.001)} one-sided 0.098 141 s
10-05 13:20 z2600_y4200_x3000 y valid 0.795 {'ens_fwd': (0.098, 0.071), 'ens_rev': (0.038, 0.026)} one-sided 0.06 149 s
10-05 13:22 z18200_y4200_x4200 y valid 0.454 {'ens_fwd': (0.003, 0.001), 'ens_rev': (0.069, 0.027)} one-sided -0.066 137 s
10-05 13:25 z16900_y3000_x4200 y valid 0.308 {'ens_fwd': (0.0, 0.0), 'ens_rev': (0.0, 0.0)} one-sided 0.0 145 s
10-05 13:27 z16900_y5400_x4200 x valid 0.332 {'ens_fwd': (0.063, 0.096), 'ens_rev': (0.013, 0.018)} one-sided 0.05 158 s
10-05 13:30 z16900_y4200_x1800 x valid 0.806 {'ens_fwd': (0.159, 0.078), 'ens_rev': (0.272, 0.112)} one-sided -0.113 153 s
10-05 13:32 z2600_y5400_x5400 x valid 0.494 {'ens_fwd': (0.001, 0.0), 'ens_rev': (0.019, 0.019)} one-sided -0.018 147 s
10-05 13:35 z2600_y4200_x5400 x valid 0.432 {'ens_fwd': (0.032, 0.021), 'ens_rev': (0.0, 0.0)} one-sided 0.032 176 s
10-05 13:36 z1300_y600_x7800 empty sheet 0.0
10-05 13:38 z18200_y5400_x1800 x valid 0.407 {'ens_fwd': (0.001, 0.015), 'ens_rev': (0.176, 0.113)} one-sided -0.175 128 s
10-05 13:40 z18200_y4200_x1800 x valid 0.589 {'ens_fwd': (0.011, 0.008), 'ens_rev': (0.107, 0.057)} one-sided -0.096 134 s
10-05 13:42 z16900_y5400_x1800 x valid 0.468 {'ens_fwd': (0.073, 0.024), 'ens_rev': (0.411, 0.274)} one-sided -0.338 141 s
10-05 13:44 z18200_y3000_x3000 y valid 0.376 {'ens_fwd': (0.12, 0.131), 'ens_rev': (0.129, 0.092)} one-sided -0.009 122 s
10-05 13:45 z1300_y1800_x7800 empty sheet 0.0
10-05 13:48 z2600_y5400_x1800 x valid 0.409 {'ens_fwd': (0.0, 0.0), 'ens_rev': (0.042, 0.05)} one-sided -0.042 191 s
