10-03 13:55 PHerc0813 124 sites {'y': 65, 'x': 59}
10-03 17:47 PHerc0813 124 sites {'y': 65, 'x': 59}
10-03 17:50 z7800_y4200_x4200 x valid 0.709 {'ens_fwd': (0.084, 0.166), 'ens_rev': (0.112, 0.266)} one-sided -0.028 147 s
10-03 17:52 z10400_y4200_x4200 y valid 0.425 {'ens_fwd': (0.442, 0.518), 'ens_rev': (0.315, 0.742)} one-sided 0.127 138 s
10-03 17:55 z7800_y4200_x5400 y valid 0.48 {'ens_fwd': (0.0, 0.0), 'ens_rev': (0.015, 0.016)} one-sided -0.015 143 s
10-03 17:57 z9100_y4200_x4200 y valid 0.544 {'ens_fwd': (0.0, 0.0), 'ens_rev': (0.03, 0.041)} one-sided -0.03 140 s
10-03 17:59 z9100_y4200_x5400 x valid 0.806 {'ens_fwd': (0.358, 0.088), 'ens_rev': (0.145, 0.042)} one-sided 0.213 136 s
10-03 18:01 z10400_y3000_x4200 x valid 0.368 {'ens_fwd': (0.005, 0.003), 'ens_rev': (0.418, 0.235)} one-sided -0.413 127 s
10-03 18:03 z9100_y3000_x4200 x valid 0.299 {'ens_fwd': (0.0, 0.0), 'ens_rev': (0.0, 0.0)} one-sided 0.0 125 s
10-03 18:06 z10400_y4200_x5400 x valid 0.332 {'ens_fwd': (0.578, 0.283), 'ens_rev': (0.172, 0.083)} one-sided 0.406 133 s
10-03 18:08 z9100_y3000_x5400 x valid 0.669 {'ens_fwd': (0.155, 0.081), 'ens_rev': (0.147, 0.072)} one-sided 0.008 135 s
10-03 18:10 z10400_y3000_x5400 y valid 0.425 {'ens_fwd': (0.147, 0.046), 'ens_rev': (0.259, 0.3)} one-sided -0.112 129 s
10-03 18:12 z7800_y5400_x4200 y valid 0.678 {'ens_fwd': (0.093, 0.01), 'ens_rev': (0.097, 0.013)} one-sided -0.004 145 s
10-03 18:15 z7800_y5400_x5400 y valid 0.412 {'ens_fwd': (0.0, 0.0), 'ens_rev': (0.001, 0.026)} one-sided -0.001 144 s
10-03 18:17 z7800_y3000_x4200 y valid 0.449 {'ens_fwd': (0.0, 0.0), 'ens_rev': (0.0, 0.0)} one-sided 0.0 135 s
10-03 18:19 z7800_y3000_x5400 y valid 0.58 {'ens_fwd': (0.054, 0.013), 'ens_rev': (0.0, 0.0)} one-sided 0.054 139 s
10-03 18:22 z10400_y4200_x3000 x valid 0.408 {'ens_fwd': (0.17, 0.038), 'ens_rev': (0.128, 0.057)} one-sided 0.042 136 s
10-03 18:24 z10400_y3000_x3000 y valid 0.601 {'ens_fwd': (0.013, 0.1), 'ens_rev': (0.026, 0.01)} one-sided -0.013 124 s
10-03 18:26 z10400_y5400_x4200 y valid 0.327 {'ens_fwd': (0.025, 0.033), 'ens_rev': (0.013, 0.018)} one-sided 0.012 143 s
10-03 18:28 z7800_y4200_x3000 y valid 0.514 {'ens_fwd': (0.003, 0.0), 'ens_rev': (0.0, 0.0)} one-sided 0.003 144 s
10-03 18:31 z9100_y5400_x4200 x valid 0.427 {'ens_fwd': (0.021, 0.02), 'ens_rev': (0.006, 0.006)} one-sided 0.015 133 s
10-03 18:33 z9100_y5400_x5400 y valid 0.551 {'ens_fwd': (0.297, 0.092), 'ens_rev': (0.007, 0.003)} one-sided 0.29 127 s
10-03 18:35 z10400_y5400_x5400 x valid 0.46 {'ens_fwd': (0.144, 0.097), 'ens_rev': (0.057, 0.053)} one-sided 0.087 123 s
10-03 18:37 z9100_y4200_x3000 x valid 0.309 {'ens_fwd': (0.0, 0.0), 'ens_rev': (0.015, 0.013)} one-sided -0.015 128 s
10-03 18:39 z10400_y1800_x4200 y valid 0.706 {'ens_fwd': (0.212, 0.062), 'ens_rev': (0.175, 0.048)} one-sided 0.037 132 s
10-03 18:41 z9100_y4200_x6600 x valid 0.775 {'ens_fwd': (0.082, 0.035), 'ens_rev': (0.014, 0.006)} one-sided 0.068 120 s
10-03 18:44 z7800_y4200_x6600 x valid 0.878 {'ens_fwd': (0.015, 0.006), 'ens_rev': (0.003, 0.001)} one-sided 0.012 144 s
10-03 18:45 z9100_y3000_x3000 y valid 0.274 {'ens_fwd': (0.0, 0.0), 'ens_rev': (0.0, 0.001)} one-sided 0.0 101 s
10-03 18:47 z9100_y3000_x6600 x valid 0.699 {'ens_fwd': (0.165, 0.208), 'ens_rev': (0.0, 0.0)} one-sided 0.165 125 s
10-03 18:49 z7800_y5400_x3000 y valid 0.306 {'ens_fwd': (0.093, 0.044), 'ens_rev': (0.107, 0.053)} one-sided -0.014 115 s
10-03 18:52 z10400_y1800_x5400 y valid 0.845 {'ens_fwd': (0.464, 0.111), 'ens_rev': (0.386, 0.121)} one-sided 0.078 137 s
10-03 18:54 z9100_y1800_x4200 x valid 0.326 {'ens_fwd': (0.072, 0.117), 'ens_rev': (0.14, 0.155)} one-sided -0.068 116 s
10-03 18:56 z9100_y1800_x5400 y valid 0.614 {'ens_fwd': (0.0, 0.0), 'ens_rev': (0.122, 0.132)} one-sided -0.122 121 s
10-03 18:57 z10400_y3000_x6600 x valid 0.809 {'ens_fwd': (0.259, 0.108), 'ens_rev': (0.11, 0.029)} one-sided 0.149 106 s
10-03 18:59 z7800_y3000_x6600 y valid 0.615 {'ens_fwd': (0.195, 0.049), 'ens_rev': (0.0, 0.0)} one-sided 0.195 118 s
10-03 19:02 z6500_y4200_x4200 x valid 0.441 {'ens_fwd': (0.016, 0.104), 'ens_rev': (0.057, 0.146)} one-sided -0.041 149 s
10-03 19:04 z11700_y3000_x4200 x valid 0.416 {'ens_fwd': (0.17, 0.157), 'ens_rev': (0.155, 0.067)} one-sided 0.015 143 s
10-03 19:07 z11700_y4200_x4200 x valid 0.791 {'ens_fwd': (0.248, 0.121), 'ens_rev': (0.158, 0.077)} one-sided 0.09 157 s
10-03 19:09 z6500_y5400_x4200 y valid 0.815 {'ens_fwd': (0.081, 0.055), 'ens_rev': (0.37, 0.067)} one-sided -0.289 156 s
10-03 19:12 z6500_y4200_x5400 y valid 0.322 {'ens_fwd': (0.072, 0.058), 'ens_rev': (0.321, 0.112)} one-sided -0.249 172 s
10-03 19:15 z6500_y4200_x3000 x valid 0.746 {'ens_fwd': (0.208, 0.211), 'ens_rev': (0.126, 0.11)} one-sided 0.082 153 s
10-03 19:17 z11700_y3000_x3000 y valid 0.404 {'ens_fwd': (0.171, 0.385), 'ens_rev': (0.17, 0.269)} one-sided 0.001 139 s
10-03 19:19 z11700_y4200_x3000 y valid 0.443 {'ens_fwd': (0.0, 0.0), 'ens_rev': (0.423, 0.122)} one-sided -0.423 142 s
10-03 19:22 z6500_y5400_x5400 y valid 0.461 {'ens_fwd': (0.32, 0.285), 'ens_rev': (0.514, 0.331)} one-sided -0.194 153 s
10-03 19:25 z11700_y3000_x5400 x valid 0.355 {'ens_fwd': (0.153, 0.079), 'ens_rev': (0.047, 0.032)} one-sided 0.106 152 s
10-03 19:27 z6500_y3000_x4200 x valid 0.456 {'ens_fwd': (0.02, 0.006), 'ens_rev': (0.045, 0.022)} one-sided -0.025 170 s
10-03 19:30 z6500_y5400_x3000 y valid 0.731 {'ens_fwd': (0.077, 0.025), 'ens_rev': (0.005, 0.006)} one-sided 0.072 148 s
10-03 19:32 z11700_y4200_x5400 x valid 0.315 {'ens_fwd': (0.124, 0.291), 'ens_rev': (0.003, 0.032)} one-sided 0.121 147 s
10-03 19:35 z11700_y1800_x4200 x valid 0.372 {'ens_fwd': (0.011, 0.009), 'ens_rev': (0.0, 0.0)} one-sided 0.011 163 s
10-03 19:38 z11700_y5400_x4200 x valid 0.576 {'ens_fwd': (0.487, 0.23), 'ens_rev': (0.097, 0.146)} one-sided 0.39 150 s
10-03 19:40 z6500_y3000_x5400 y valid 0.851 {'ens_fwd': (0.228, 0.179), 'ens_rev': (0.093, 0.042)} one-sided 0.135 152 s
10-03 19:42 z6500_y3000_x3000 y valid 0.664 {'ens_fwd': (0.106, 0.04), 'ens_rev': (0.134, 0.079)} one-sided -0.028 122 s
10-03 19:44 z11700_y1800_x3000 x valid 0.338 {'ens_fwd': (0.17, 0.14), 'ens_rev': (0.008, 0.011)} one-sided 0.162 118 s
10-03 19:46 z11700_y1800_x5400 x valid 0.292 {'ens_fwd': (0.035, 0.066), 'ens_rev': (0.022, 0.053)} one-sided 0.013 122 s
10-03 19:48 z11700_y5400_x5400 x valid 0.488 {'ens_fwd': (0.066, 0.029), 'ens_rev': (0.126, 0.059)} one-sided -0.06 135 s
10-03 19:51 z6500_y4200_x6600 x valid 0.594 {'ens_fwd': (0.014, 0.014), 'ens_rev': (0.002, 0.001)} one-sided 0.012 149 s
10-03 19:53 z6500_y4200_x1800 y valid 0.58 {'ens_fwd': (0.023, 0.026), 'ens_rev': (0.083, 0.151)} one-sided -0.06 136 s
10-03 19:55 z11700_y4200_x1800 x valid 0.474 {'ens_fwd': (0.0, 0.0), 'ens_rev': (0.006, 0.027)} one-sided -0.006 136 s
10-03 19:57 z6500_y5400_x1800 y valid 0.345 {'ens_fwd': (0.156, 0.059), 'ens_rev': (0.017, 0.008)} one-sided 0.139 122 s
10-03 20:00 z5200_y4200_x4200 x valid 0.661 {'ens_fwd': (0.126, 0.069), 'ens_rev': (0.144, 0.586)} one-sided -0.018 158 s
10-03 20:02 z15600_y3000_x3000 y valid 0.479 {'ens_fwd': (0.075, 0.033), 'ens_rev': (0.0, 0.0)} one-sided 0.075 134 s
10-03 20:05 z2600_y4200_x3000 y valid 0.947 {'ens_fwd': (0.184, 0.106), 'ens_rev': (0.18, 0.168)} one-sided 0.004 152 s
10-03 20:07 z3900_y4200_x3000 y valid 0.782 {'ens_fwd': (0.03, 0.053), 'ens_rev': (0.048, 0.024)} one-sided -0.018 153 s
10-03 20:10 z14300_y4200_x3000 x valid 0.346 {'ens_fwd': (0.209, 0.134), 'ens_rev': (0.329, 0.15)} one-sided -0.12 167 s
10-03 20:13 z3900_y4200_x4200 y valid 0.567 {'ens_fwd': (0.094, 0.03), 'ens_rev': (0.411, 0.248)} one-sided -0.317 150 s
10-03 20:15 z14300_y3000_x3000 y valid 0.552 {'ens_fwd': (0.361, 0.127), 'ens_rev': (0.442, 0.174)} one-sided -0.081 140 s
10-03 20:18 z13000_y4200_x4200 x valid 0.837 {'ens_fwd': (0.297, 0.228), 'ens_rev': (0.02, 0.013)} one-sided 0.277 154 s
10-03 20:20 z13000_y4200_x3000 y valid 0.484 {'ens_fwd': (0.131, 0.057), 'ens_rev': (0.466, 0.113)} one-sided -0.335 148 s
10-03 20:23 z2600_y4200_x4200 y valid 0.643 {'ens_fwd': (0.0, 0.0), 'ens_rev': (0.0, 0.0)} one-sided 0.0 151 s
10-03 20:25 z13000_y3000_x4200 x valid 0.73 {'ens_fwd': (0.462, 0.402), 'ens_rev': (0.282, 0.1)} one-sided 0.18 150 s
10-03 20:27 z15600_y4200_x3000 y valid 0.642 {'ens_fwd': (0.003, 0.001), 'ens_rev': (0.0, 0.0)} one-sided 0.003 147 s
10-03 20:30 z3900_y3000_x3000 y valid 0.791 {'ens_fwd': (0.622, 0.259), 'ens_rev': (0.111, 0.011)} one-sided 0.511 153 s
10-03 20:32 z13000_y3000_x3000 y valid 0.285 {'ens_fwd': (0.231, 0.154), 'ens_rev': (0.006, 0.005)} one-sided 0.225 136 s
10-03 20:35 z3900_y3000_x4200 x valid 0.355 {'ens_fwd': (0.257, 0.307), 'ens_rev': (0.146, 0.055)} one-sided 0.111 140 s
10-03 20:37 z5200_y4200_x3000 y valid 0.667 {'ens_fwd': (0.513, 0.34), 'ens_rev': (0.192, 0.161)} one-sided 0.321 148 s
10-03 20:40 z5200_y5400_x4200 y valid 0.49 {'ens_fwd': (0.202, 0.093), 'ens_rev': (0.725, 0.563)} one-sided -0.523 150 s
10-03 20:42 z2600_y3000_x3000 y valid 0.544 {'ens_fwd': (0.099, 0.027), 'ens_rev': (0.076, 0.028)} one-sided 0.023 122 s
10-03 20:44 z14300_y4200_x4200 x valid 0.349 {'ens_fwd': (0.002, 0.001), 'ens_rev': (0.021, 0.011)} one-sided -0.019 148 s
10-03 20:47 z14300_y3000_x4200 x valid 0.682 {'ens_fwd': (0.379, 0.088), 'ens_rev': (0.049, 0.012)} one-sided 0.33 152 s
10-03 20:49 z15600_y3000_x4200 x valid 0.597 {'ens_fwd': (0.07, 0.076), 'ens_rev': (0.02, 0.016)} one-sided 0.05 148 s
10-03 20:52 z5200_y3000_x4200 y valid 0.659 {'ens_fwd': (0.384, 0.282), 'ens_rev': (0.157, 0.057)} one-sided 0.227 157 s
10-03 20:54 z5200_y4200_x5400 x valid 0.325 {'ens_fwd': (0.0, 0.0), 'ens_rev': (0.0, 0.0)} one-sided 0.0 156 s
10-03 20:57 z2600_y3000_x4200 y valid 0.399 {'ens_fwd': (0.301, 0.406), 'ens_rev': (0.299, 0.166)} one-sided 0.002 155 s
10-03 20:59 z15600_y4200_x4200 y valid 0.573 {'ens_fwd': (0.054, 0.066), 'ens_rev': (0.003, 0.003)} one-sided 0.051 141 s
10-03 21:02 z5200_y5400_x3000 y valid 0.759 {'ens_fwd': (0.0, 0.0), 'ens_rev': (0.011, 0.005)} one-sided -0.011 151 s
10-03 21:04 z3900_y5400_x3000 y valid 0.788 {'ens_fwd': (0.021, 0.025), 'ens_rev': (0.061, 0.027)} one-sided -0.04 135 s
10-03 21:06 z3900_y5400_x4200 y valid 0.496 {'ens_fwd': (0.044, 0.027), 'ens_rev': (0.015, 0.058)} one-sided 0.029 139 s
10-03 21:08 z5200_y3000_x3000 y valid 0.64 {'ens_fwd': (0.505, 0.272), 'ens_rev': (0.835, 0.382)} one-sided -0.33 127 s
10-03 21:11 z14300_y4200_x1800 x valid 0.415 {'ens_fwd': (0.508, 0.211), 'ens_rev': (0.005, 0.002)} one-sided 0.503 138 s
10-03 21:13 z15600_y3000_x1800 x valid 0.437 {'ens_fwd': (0.03, 0.02), 'ens_rev': (0.0, 0.0)} one-sided 0.03 126 s
10-03 21:15 z5200_y5400_x5400 y valid 0.579 {'ens_fwd': (0.007, 0.11), 'ens_rev': (0.061, 0.108)} one-sided -0.054 153 s
10-03 21:17 z14300_y3000_x1800 x valid 0.297 {'ens_fwd': (0.023, 0.024), 'ens_rev': (0.028, 0.032)} one-sided -0.005 125 s
10-03 21:20 z3900_y4200_x1800 y valid 0.59 {'ens_fwd': (0.035, 0.021), 'ens_rev': (0.059, 0.024)} one-sided -0.024 152 s
10-03 21:23 z5200_y3000_x5400 x valid 0.617 {'ens_fwd': (0.417, 0.155), 'ens_rev': (0.014, 0.1)} one-sided 0.403 169 s
10-03 21:25 z3900_y4200_x5400 x valid 0.869 {'ens_fwd': (0.09, 0.076), 'ens_rev': (0.009, 0.018)} one-sided 0.081 156 s
10-03 21:28 z15600_y1800_x3000 y valid 0.835 {'ens_fwd': (0.016, 0.004), 'ens_rev': (0.272, 0.106)} one-sided -0.256 134 s
10-03 21:30 z2600_y5400_x3000 y valid 0.532 {'ens_fwd': (0.027, 0.09), 'ens_rev': (0.141, 0.294)} one-sided -0.114 111 s
10-03 21:32 z14300_y5400_x3000 y valid 0.501 {'ens_fwd': (0.388, 0.271), 'ens_rev': (0.063, 0.082)} one-sided 0.325 130 s
10-03 21:34 z15600_y4200_x1800 y valid 0.75 {'ens_fwd': (0.102, 0.028), 'ens_rev': (0.035, 0.013)} one-sided 0.067 132 s
10-03 21:36 z3900_y3000_x1800 x valid 0.36 {'ens_fwd': (0.0, 0.0), 'ens_rev': (0.052, 0.029)} one-sided -0.052 138 s
10-03 21:38 z13000_y5400_x4200 y valid 0.712 {'ens_fwd': (0.095, 0.055), 'ens_rev': (0.013, 0.005)} one-sided 0.082 138 s
10-03 21:41 z14300_y1800_x3000 y valid 0.822 {'ens_fwd': (0.405, 0.091), 'ens_rev': (0.358, 0.069)} one-sided 0.047 142 s
10-03 21:43 z2600_y4200_x1800 y valid 0.614 {'ens_fwd': (0.122, 0.071), 'ens_rev': (0.01, 0.005)} one-sided 0.112 156 s
10-03 21:46 z3900_y3000_x5400 x valid 0.511 {'ens_fwd': (0.838, 0.652), 'ens_rev': (0.088, 0.051)} one-sided 0.75 152 s
10-03 21:49 z13000_y4200_x5400 x valid 0.635 {'ens_fwd': (0.131, 0.121), 'ens_rev': (0.142, 0.238)} one-sided -0.011 208 s
10-03 21:52 z13000_y5400_x3000 x valid 0.501 {'ens_fwd': (0.007, 0.043), 'ens_rev': (0.0, 0.0)} one-sided 0.007 153 s
10-03 21:55 z2600_y5400_x4200 y valid 0.654 {'ens_fwd': (0.077, 0.039), 'ens_rev': (0.039, 0.026)} one-sided 0.038 200 s
10-03 21:58 z13000_y3000_x5400 x valid 0.481 {'ens_fwd': (0.162, 0.315), 'ens_rev': (0.05, 0.013)} one-sided 0.112 169 s
10-03 22:02 z13000_y4200_x1800 x valid 0.391 {'ens_fwd': (0.0, 0.0), 'ens_rev': (0.0, 0.0)} one-sided 0.0 208 s
10-03 22:05 z3900_y1800_x3000 y valid 0.851 {'ens_fwd': (0.036, 0.009), 'ens_rev': (0.025, 0.011)} one-sided 0.011 191 s
10-03 22:08 z3900_y1800_x4200 y valid 0.888 {'ens_fwd': (0.319, 0.071), 'ens_rev': (0.142, 0.023)} one-sided 0.177 185 s
10-03 22:11 z14300_y5400_x4200 y valid 0.729 {'ens_fwd': (0.373, 0.221), 'ens_rev': (0.12, 0.05)} one-sided 0.253 196 s
10-03 22:14 z13000_y1800_x4200 x valid 0.362 {'ens_fwd': (0.115, 0.205), 'ens_rev': (0.011, 0.005)} one-sided 0.104 185 s
10-03 22:17 z13000_y3000_x1800 x valid 0.37 {'ens_fwd': (0.193, 0.211), 'ens_rev': (0.203, 0.085)} one-sided -0.01 193 s
10-03 22:21 z13000_y1800_x3000 y valid 0.479 {'ens_fwd': (0.232, 0.091), 'ens_rev': (0.098, 0.041)} one-sided 0.134 191 s
10-03 22:24 z15600_y1800_x4200 x valid 0.368 {'ens_fwd': (0.037, 0.016), 'ens_rev': (0.087, 0.1)} one-sided -0.05 218 s
10-03 22:27 z2600_y3000_x1800 y valid 0.427 {'ens_fwd': (0.186, 0.058), 'ens_rev': (0.29, 0.05)} one-sided -0.104 141 s
10-03 22:29 z14300_y1800_x4200 y valid 0.487 {'ens_fwd': (0.105, 0.108), 'ens_rev': (0.101, 0.045)} one-sided 0.004 144 s
10-03 22:32 z2600_y4200_x5400 x valid 0.753 {'ens_fwd': (0.001, 0.002), 'ens_rev': (0.0, 0.0)} one-sided 0.001 164 s
10-03 22:34 z5200_y4200_x1800 y valid 0.856 {'ens_fwd': (0.329, 0.31), 'ens_rev': (0.065, 0.112)} one-sided 0.264 160 s
10-03 22:37 z14300_y4200_x5400 x valid 0.539 {'ens_fwd': (0.098, 0.17), 'ens_rev': (0.0, 0.0)} one-sided 0.098 133 s
10-03 22:39 z14300_y3000_x5400 x valid 0.605 {'ens_fwd': (0.155, 0.067), 'ens_rev': (0.004, 0.002)} one-sided 0.151 140 s
10-03 22:41 z3900_y5400_x5400 x valid 0.554 {'ens_fwd': (0.127, 0.263), 'ens_rev': (0.136, 0.121)} one-sided -0.009 140 s
10-03 22:43 z2600_y3000_x5400 x valid 0.418 {'ens_fwd': (0.443, 0.297), 'ens_rev': (0.196, 0.084)} one-sided 0.247 129 s
10-03 22:45 z5200_y4200_x6600 x valid 0.847 {'ens_fwd': (0.129, 0.077), 'ens_rev': (0.471, 0.275)} one-sided -0.342 120 s
10-03 22:47 z15600_y3000_x5400 x valid 0.483 {'ens_fwd': (0.086, 0.043), 'ens_rev': (0.071, 0.144)} one-sided 0.015 110 s
