10-04 20:21 PHerc0175A 126 sites {'y': 72, 'x': 54}
10-04 21:25 PHerc0175A 126 sites {'y': 72, 'x': 54}
10-04 21:27 z5200_y5400_x4200 y valid 0.468 {'ens_fwd': (0.103, 0.03), 'ens_rev': (0.411, 0.205)} one-sided -0.308 166 s
10-04 21:31 z6500_y5400_x4200 y valid 0.432 {'ens_fwd': (0.804, 0.369), 'ens_rev': (0.063, 0.031)} one-sided 0.741 189 s
10-04 21:33 z7800_y5400_x4200 y valid 0.558 {'ens_fwd': (0.071, 0.017), 'ens_rev': (0.705, 0.116)} one-sided -0.634 160 s
10-04 21:37 z7800_y5400_x5400 x valid 0.348 {'ens_fwd': (0.491, 0.323), 'ens_rev': (0.263, 0.098)} one-sided 0.228 194 s
10-04 21:39 z6500_y5400_x5400 x valid 0.329 {'ens_fwd': (0.222, 0.152), 'ens_rev': (0.144, 0.06)} one-sided 0.078 156 s
10-04 21:42 z7800_y4200_x4200 y valid 0.658 {'ens_fwd': (0.196, 0.086), 'ens_rev': (0.057, 0.016)} one-sided 0.139 172 s
10-04 21:45 z5200_y6600_x4200 y valid 0.609 {'ens_fwd': (0.216, 0.081), 'ens_rev': (0.111, 0.027)} one-sided 0.105 160 s
10-04 21:47 z5200_y5400_x3000 x valid 0.384 {'ens_fwd': (0.363, 0.275), 'ens_rev': (0.117, 0.069)} one-sided 0.246 150 s
10-04 21:50 z6500_y4200_x4200 y valid 0.91 {'ens_fwd': (0.05, 0.015), 'ens_rev': (0.334, 0.066)} one-sided -0.284 165 s
10-04 21:53 z5200_y5400_x5400 y valid 0.617 {'ens_fwd': (0.066, 0.015), 'ens_rev': (0.0, 0.0)} one-sided 0.066 164 s
10-04 21:55 z5200_y4200_x4200 y valid 0.795 {'ens_fwd': (0.208, 0.058), 'ens_rev': (0.103, 0.013)} one-sided 0.105 161 s
10-04 21:58 z6500_y6600_x4200 y valid 0.869 {'ens_fwd': (0.279, 0.049), 'ens_rev': (0.061, 0.012)} one-sided 0.218 167 s
10-04 22:01 z7800_y4200_x5400 y valid 0.406 {'ens_fwd': (0.05, 0.02), 'ens_rev': (0.311, 0.12)} one-sided -0.261 172 s
10-04 22:04 z7800_y6600_x4200 y valid 0.861 {'ens_fwd': (0.119, 0.017), 'ens_rev': (0.633, 0.102)} one-sided -0.514 168 s
10-04 22:07 z6500_y5400_x3000 x valid 0.513 {'ens_fwd': (0.0, 0.0), 'ens_rev': (0.0, 0.0)} one-sided 0.0 182 s
10-04 22:09 z7800_y5400_x3000 x valid 0.457 {'ens_fwd': (0.087, 0.063), 'ens_rev': (0.079, 0.068)} one-sided 0.008 158 s
10-04 22:12 z6500_y4200_x5400 y valid 0.382 {'ens_fwd': (0.272, 0.112), 'ens_rev': (0.15, 0.059)} one-sided 0.122 160 s
10-04 22:15 z6500_y6600_x5400 y valid 0.574 {'ens_fwd': (0.143, 0.026), 'ens_rev': (0.01, 0.003)} one-sided 0.133 152 s
10-04 22:17 z7800_y6600_x5400 y valid 0.714 {'ens_fwd': (0.263, 0.067), 'ens_rev': (0.112, 0.056)} one-sided 0.151 158 s
10-04 22:20 z5200_y6600_x3000 x valid 0.713 {'ens_fwd': (0.275, 0.055), 'ens_rev': (0.535, 0.188)} one-sided -0.26 149 s
10-04 22:22 z5200_y6600_x5400 y valid 0.537 {'ens_fwd': (0.333, 0.166), 'ens_rev': (0.125, 0.062)} one-sided 0.208 161 s
10-04 22:25 z5200_y4200_x3000 y valid 0.7 {'ens_fwd': (0.05, 0.009), 'ens_rev': (0.242, 0.082)} one-sided -0.192 156 s
10-04 22:28 z5200_y4200_x5400 y valid 0.477 {'ens_fwd': (0.161, 0.062), 'ens_rev': (0.0, 0.0)} one-sided 0.161 150 s
10-04 22:30 z6500_y4200_x3000 y valid 0.708 {'ens_fwd': (0.363, 0.107), 'ens_rev': (0.8, 0.211)} one-sided -0.437 151 s
10-04 22:33 z7800_y4200_x3000 y valid 0.675 {'ens_fwd': (0.176, 0.047), 'ens_rev': (0.795, 0.3)} one-sided -0.619 162 s
10-04 22:35 z6500_y6600_x3000 y valid 0.285 {'ens_fwd': (0.0, 0.0), 'ens_rev': (0.06, 0.055)} one-sided -0.06 162 s
10-04 22:38 z7800_y6600_x3000 y valid 0.286 {'ens_fwd': (0.049, 0.052), 'ens_rev': (0.061, 0.053)} one-sided -0.012 145 s
10-04 22:40 z7800_y5400_x6600 x valid 0.349 {'ens_fwd': (0.006, 0.003), 'ens_rev': (0.059, 0.035)} one-sided -0.053 154 s
10-04 22:43 z6500_y5400_x6600 x valid 0.411 {'ens_fwd': (0.039, 0.011), 'ens_rev': (0.18, 0.057)} one-sided -0.141 146 s
10-04 22:45 z7800_y3000_x4200 y valid 0.472 {'ens_fwd': (0.002, 0.001), 'ens_rev': (0.0, 0.0)} one-sided 0.002 139 s
10-04 22:48 z7800_y4200_x6600 y valid 0.598 {'ens_fwd': (0.0, 0.0), 'ens_rev': (0.012, 0.003)} one-sided -0.012 142 s
10-04 22:50 z5200_y7800_x4200 y valid 0.912 {'ens_fwd': (0.036, 0.006), 'ens_rev': (0.091, 0.015)} one-sided -0.055 153 s
10-04 22:52 z5200_y5400_x1800 y valid 0.283 {'ens_fwd': (0.038, 0.024), 'ens_rev': (0.05, 0.029)} one-sided -0.012 132 s
10-04 22:55 z5200_y5400_x6600 x valid 0.393 {'ens_fwd': (0.042, 0.019), 'ens_rev': (0.017, 0.006)} one-sided 0.025 149 s
10-04 22:57 z6500_y7800_x4200 y valid 0.99 {'ens_fwd': (0.038, 0.012), 'ens_rev': (0.093, 0.018)} one-sided -0.055 154 s
10-04 23:00 z7800_y6600_x6600 x valid 0.443 {'ens_fwd': (0.013, 0.01), 'ens_rev': (0.077, 0.03)} one-sided -0.064 140 s
10-04 23:02 z6500_y4200_x6600 y valid 0.529 {'ens_fwd': (0.0, 0.0), 'ens_rev': (0.0, 0.0)} one-sided 0.0 124 s
10-04 23:04 z6500_y6600_x6600 x valid 0.433 {'ens_fwd': (0.017, 0.008), 'ens_rev': (0.096, 0.034)} one-sided -0.079 136 s
10-04 23:06 z7800_y7800_x4200 y valid 0.964 {'ens_fwd': (0.051, 0.014), 'ens_rev': (0.041, 0.009)} one-sided 0.01 143 s
10-04 23:09 z6500_y5400_x1800 y valid 0.334 {'ens_fwd': (0.261, 0.115), 'ens_rev': (0.004, 0.001)} one-sided 0.257 136 s
10-04 23:11 z5200_y7800_x3000 y valid 0.815 {'ens_fwd': (0.086, 0.021), 'ens_rev': (0.0, 0.0)} one-sided 0.086 137 s
10-04 23:13 z5200_y7800_x5400 y valid 0.499 {'ens_fwd': (0.464, 0.17), 'ens_rev': (0.098, 0.027)} one-sided 0.366 133 s
10-04 23:15 z7800_y3000_x3000 x valid 0.434 {'ens_fwd': (0.034, 0.02), 'ens_rev': (0.0, 0.0)} one-sided 0.034 127 s
10-04 23:18 z5200_y4200_x1800 x valid 0.914 {'ens_fwd': (0.067, 0.035), 'ens_rev': (0.022, 0.008)} one-sided 0.045 158 s
10-04 23:21 z5200_y6600_x6600 x valid 0.424 {'ens_fwd': (0.002, 0.001), 'ens_rev': (0.0, 0.0)} one-sided 0.002 182 s
10-04 23:24 z7800_y5400_x1800 x valid 0.715 {'ens_fwd': (0.117, 0.06), 'ens_rev': (0.052, 0.028)} one-sided 0.065 151 s
10-04 23:26 z6500_y3000_x3000 x valid 0.599 {'ens_fwd': (0.182, 0.203), 'ens_rev': (0.613, 0.373)} one-sided -0.431 121 s
10-04 23:28 z6500_y4200_x1800 x valid 0.958 {'ens_fwd': (0.484, 0.153), 'ens_rev': (0.083, 0.029)} one-sided 0.401 153 s
10-04 23:31 z7800_y4200_x1800 x valid 0.94 {'ens_fwd': (0.083, 0.023), 'ens_rev': (0.014, 0.008)} one-sided 0.069 160 s
10-04 23:33 z7800_y5400_x7800 x valid 0.721 {'ens_fwd': (0.028, 0.007), 'ens_rev': (0.005, 0.001)} one-sided 0.023 150 s
10-04 23:35 z6500_y5400_x7800 y valid 0.483 {'ens_fwd': (0.0, 0.0), 'ens_rev': (0.006, 0.004)} one-sided -0.006 126 s
10-04 23:38 z5200_y3000_x1800 x valid 0.753 {'ens_fwd': (0.028, 0.016), 'ens_rev': (0.008, 0.003)} one-sided 0.02 138 s
10-04 23:40 z3900_y5400_x4200 x valid 0.288 {'ens_fwd': (0.025, 0.036), 'ens_rev': (0.035, 0.016)} one-sided -0.01 150 s
10-04 23:43 z9100_y5400_x5400 y valid 0.505 {'ens_fwd': (0.109, 0.024), 'ens_rev': (0.437, 0.158)} one-sided -0.328 146 s
10-04 23:45 z9100_y5400_x4200 x valid 0.33 {'ens_fwd': (0.102, 0.038), 'ens_rev': (0.397, 0.109)} one-sided -0.295 145 s
10-04 23:48 z3900_y6600_x4200 y valid 0.673 {'ens_fwd': (0.095, 0.021), 'ens_rev': (0.062, 0.005)} one-sided 0.033 151 s
10-04 23:50 z9100_y4200_x5400 y valid 0.499 {'ens_fwd': (0.333, 0.15), 'ens_rev': (0.379, 0.169)} one-sided -0.046 152 s
10-04 23:53 z9100_y4200_x4200 y valid 0.808 {'ens_fwd': (0.93, 0.332), 'ens_rev': (0.485, 0.117)} one-sided 0.445 150 s
10-04 23:55 z3900_y5400_x3000 x valid 0.682 {'ens_fwd': (0.551, 0.142), 'ens_rev': (0.768, 0.247)} one-sided -0.217 149 s
10-04 23:58 z3900_y5400_x5400 y valid 0.611 {'ens_fwd': (0.038, 0.015), 'ens_rev': (0.249, 0.118)} one-sided -0.211 154 s
10-05 00:01 z3900_y4200_x4200 x valid 0.465 {'ens_fwd': (0.004, 0.002), 'ens_rev': (0.098, 0.11)} one-sided -0.094 184 s
10-05 00:03 z3900_y6600_x3000 x valid 0.85 {'ens_fwd': (0.366, 0.098), 'ens_rev': (0.442, 0.203)} one-sided -0.076 149 s
10-05 00:06 z9100_y6600_x5400 y valid 0.816 {'ens_fwd': (0.912, 0.12), 'ens_rev': (0.516, 0.109)} one-sided 0.396 158 s
10-05 00:08 z9100_y6600_x4200 y valid 0.668 {'ens_fwd': (0.084, 0.028), 'ens_rev': (0.18, 0.03)} one-sided -0.096 154 s
10-05 00:11 z3900_y6600_x5400 y valid 0.584 {'ens_fwd': (0.811, 0.18), 'ens_rev': (0.459, 0.112)} one-sided 0.352 148 s
10-05 00:13 z9100_y5400_x6600 x valid 0.362 {'ens_fwd': (0.109, 0.054), 'ens_rev': (0.001, 0.0)} one-sided 0.108 142 s
10-05 00:16 z9100_y5400_x3000 y valid 0.61 {'ens_fwd': (0.101, 0.023), 'ens_rev': (0.211, 0.059)} one-sided -0.11 144 s
10-05 00:18 z9100_y4200_x6600 x valid 0.763 {'ens_fwd': (0.045, 0.024), 'ens_rev': (0.0, 0.0)} one-sided 0.045 159 s
10-05 00:21 z3900_y4200_x3000 y valid 0.824 {'ens_fwd': (0.018, 0.003), 'ens_rev': (0.039, 0.01)} one-sided -0.021 150 s
10-05 00:23 z9100_y4200_x3000 y valid 0.68 {'ens_fwd': (0.375, 0.153), 'ens_rev': (0.332, 0.058)} one-sided 0.043 147 s
10-05 00:26 z9100_y3000_x5400 y valid 0.665 {'ens_fwd': (0.269, 0.083), 'ens_rev': (0.256, 0.054)} one-sided 0.013 149 s
10-05 00:28 z9100_y3000_x4200 y valid 0.526 {'ens_fwd': (0.796, 0.418), 'ens_rev': (0.453, 0.131)} one-sided 0.343 143 s
10-05 00:31 z3900_y7800_x4200 y valid 0.821 {'ens_fwd': (0.113, 0.022), 'ens_rev': (0.0, 0.0)} one-sided 0.113 153 s
10-05 00:33 z9100_y6600_x6600 x valid 0.606 {'ens_fwd': (0.048, 0.063), 'ens_rev': (0.012, 0.006)} one-sided 0.036 154 s
10-05 00:36 z9100_y6600_x3000 x valid 0.478 {'ens_fwd': (0.152, 0.049), 'ens_rev': (0.204, 0.077)} one-sided -0.052 140 s
10-05 00:38 z3900_y5400_x1800 x valid 0.457 {'ens_fwd': (0.064, 0.032), 'ens_rev': (0.0, 0.0)} one-sided 0.064 139 s
10-05 00:40 z3900_y7800_x3000 y valid 0.665 {'ens_fwd': (0.11, 0.029), 'ens_rev': (0.012, 0.004)} one-sided 0.098 142 s
10-05 00:43 z3900_y5400_x6600 y valid 0.652 {'ens_fwd': (0.002, 0.001), 'ens_rev': (0.093, 0.03)} one-sided -0.091 149 s
10-05 00:45 z3900_y7800_x5400 x valid 0.347 {'ens_fwd': (0.0, 0.0), 'ens_rev': (0.004, 0.004)} one-sided -0.004 147 s
10-05 00:47 z9100_y3000_x3000 x valid 0.416 {'ens_fwd': (0.0, 0.0), 'ens_rev': (0.025, 0.01)} one-sided -0.025 123 s
10-05 00:49 z3900_y6600_x6600 x valid 0.35 {'ens_fwd': (0.063, 0.026), 'ens_rev': (0.021, 0.007)} one-sided 0.042 133 s
10-05 00:52 z3900_y4200_x1800 x valid 0.848 {'ens_fwd': (0.01, 0.003), 'ens_rev': (0.006, 0.004)} one-sided 0.004 156 s
10-05 00:55 z9100_y5400_x7800 x valid 0.783 {'ens_fwd': (0.138, 0.065), 'ens_rev': (0.022, 0.007)} one-sided 0.116 150 s
10-05 00:57 z9100_y5400_x1800 x valid 0.769 {'ens_fwd': (0.26, 0.178), 'ens_rev': (0.001, 0.0)} one-sided 0.259 133 s
10-05 00:59 z9100_y4200_x7800 x valid 0.357 {'ens_fwd': (0.057, 0.04), 'ens_rev': (0.001, 0.0)} one-sided 0.056 122 s
10-05 01:01 z9100_y4200_x1800 x valid 0.861 {'ens_fwd': (0.168, 0.153), 'ens_rev': (0.0, 0.0)} one-sided 0.168 136 s
10-05 01:03 z3900_y3000_x1800 x valid 0.634 {'ens_fwd': (0.081, 0.086), 'ens_rev': (0.037, 0.034)} one-sided 0.044 129 s
10-05 01:06 z2600_y5400_x4200 x valid 0.674 {'ens_fwd': (0.055, 0.067), 'ens_rev': (0.016, 0.014)} one-sided 0.039 156 s
10-05 01:08 z10400_y5400_x5400 y valid 0.575 {'ens_fwd': (0.137, 0.063), 'ens_rev': (0.109, 0.08)} one-sided 0.028 153 s
10-05 01:11 z10400_y4200_x5400 y valid 0.744 {'ens_fwd': (0.291, 0.092), 'ens_rev': (0.349, 0.114)} one-sided -0.058 154 s
10-05 01:13 z10400_y5400_x4200 y valid 0.286 {'ens_fwd': (0.016, 0.005), 'ens_rev': (0.026, 0.012)} one-sided -0.01 154 s
10-05 01:16 z2600_y6600_x4200 y valid 0.449 {'ens_fwd': (0.014, 0.008), 'ens_rev': (0.035, 0.018)} one-sided -0.021 147 s
10-05 01:19 z10400_y4200_x4200 x valid 0.292 {'ens_fwd': (0.207, 0.132), 'ens_rev': (0.036, 0.021)} one-sided 0.171 160 s
10-05 01:21 z11700_y5400_x3000 x valid 0.44 {'ens_fwd': (0.205, 0.083), 'ens_rev': (0.162, 0.121)} one-sided 0.043 133 s
10-05 01:24 z2600_y5400_x5400 y valid 0.487 {'ens_fwd': (0.293, 0.037), 'ens_rev': (0.064, 0.007)} one-sided 0.229 172 s
10-05 01:26 z2600_y5400_x3000 y valid 0.63 {'ens_fwd': (0.071, 0.033), 'ens_rev': (0.097, 0.044)} one-sided -0.026 147 s
10-05 01:29 z10400_y5400_x6600 x valid 0.71 {'ens_fwd': (0.093, 0.042), 'ens_rev': (0.154, 0.061)} one-sided -0.061 147 s
10-05 01:31 z2600_y4200_x4200 y valid 0.557 {'ens_fwd': (0.15, 0.087), 'ens_rev': (0.025, 0.008)} one-sided 0.125 152 s
10-05 01:33 z10400_y4200_x6600 y valid 0.302 {'ens_fwd': (0.124, 0.093), 'ens_rev': (0.156, 0.144)} one-sided -0.032 132 s
10-05 01:36 z10400_y6600_x5400 y valid 0.733 {'ens_fwd': (0.529, 0.328), 'ens_rev': (0.093, 0.061)} one-sided 0.436 151 s
10-05 01:38 z2600_y6600_x5400 x valid 0.374 {'ens_fwd': (0.169, 0.111), 'ens_rev': (0.008, 0.008)} one-sided 0.161 141 s
10-05 01:40 z2600_y6600_x3000 x valid 0.585 {'ens_fwd': (0.322, 0.159), 'ens_rev': (0.011, 0.024)} one-sided 0.311 131 s
10-05 01:43 z10400_y6600_x4200 y valid 0.684 {'ens_fwd': (0.019, 0.009), 'ens_rev': (0.185, 0.211)} one-sided -0.166 156 s
10-05 01:46 z10400_y3000_x5400 y valid 0.781 {'ens_fwd': (0.647, 0.094), 'ens_rev': (0.16, 0.026)} one-sided 0.487 153 s
10-05 01:48 z10400_y3000_x4200 y valid 0.786 {'ens_fwd': (0.229, 0.046), 'ens_rev': (0.471, 0.158)} one-sided -0.242 154 s
10-05 01:51 z2600_y4200_x5400 y valid 0.37 {'ens_fwd': (0.001, 0.004), 'ens_rev': (0.0, 0.0)} one-sided 0.001 166 s
10-05 01:53 z10400_y5400_x3000 x valid 0.385 {'ens_fwd': (0.14, 0.055), 'ens_rev': (0.252, 0.205)} one-sided -0.112 145 s
10-05 01:56 z2600_y4200_x3000 x valid 0.644 {'ens_fwd': (0.038, 0.025), 'ens_rev': (0.0, 0.0)} one-sided 0.038 154 s
10-05 01:58 z1300_y6600_x6600 y valid 0.361 {'ens_fwd': (0.0, 0.0), 'ens_rev': (0.0, 0.0)} one-sided 0.0 144 s
10-05 02:01 z10400_y4200_x3000 x valid 0.441 {'ens_fwd': (0.502, 0.317), 'ens_rev': (0.157, 0.243)} one-sided 0.345 156 s
10-05 02:03 z10400_y6600_x6600 y valid 0.533 {'ens_fwd': (0.044, 0.015), 'ens_rev': (0.157, 0.05)} one-sided -0.113 136 s
10-05 02:05 z10400_y3000_x6600 x valid 0.474 {'ens_fwd': (0.043, 0.044), 'ens_rev': (0.0, 0.0)} one-sided 0.043 129 s
10-05 02:08 z2600_y7800_x4200 y valid 0.855 {'ens_fwd': (0.152, 0.038), 'ens_rev': (0.066, 0.012)} one-sided 0.086 145 s
10-05 02:10 z10400_y6600_x3000 y valid 0.445 {'ens_fwd': (0.012, 0.015), 'ens_rev': (0.0, 0.0)} one-sided 0.012 130 s
10-05 02:12 z10400_y5400_x7800 x valid 0.507 {'ens_fwd': (0.031, 0.025), 'ens_rev': (0.0, 0.0)} one-sided 0.031 129 s
10-05 02:14 z2600_y5400_x6600 y valid 0.511 {'ens_fwd': (0.0, 0.0), 'ens_rev': (0.0, 0.0)} one-sided 0.0 141 s
10-05 02:17 z2600_y5400_x1800 x valid 0.671 {'ens_fwd': (0.201, 0.071), 'ens_rev': (0.0, 0.0)} one-sided 0.201 138 s
10-05 02:19 z10400_y4200_x7800 y valid 0.288 {'ens_fwd': (0.0, 0.0), 'ens_rev': (0.0, 0.0)} one-sided 0.0 139 s
10-05 02:21 z2600_y7800_x5400 y valid 0.766 {'ens_fwd': (0.0, 0.0), 'ens_rev': (0.099, 0.023)} one-sided -0.099 147 s
10-05 02:24 z10400_y3000_x3000 y valid 0.407 {'ens_fwd': (0.635, 0.269), 'ens_rev': (0.333, 0.21)} one-sided 0.302 142 s
10-05 02:26 z11700_y4200_x3000 x valid 0.373 {'ens_fwd': (0.01, 0.009), 'ens_rev': (0.197, 0.063)} one-sided -0.187 150 s
10-05 02:28 z2600_y6600_x6600 y valid 0.282 {'ens_fwd': (0.045, 0.021), 'ens_rev': (0.041, 0.026)} one-sided 0.004 132 s
10-05 02:31 z10400_y6600_x7800 x valid 0.293 {'ens_fwd': (0.0, 0.0), 'ens_rev': (0.0, 0.0)} one-sided 0.0 135 s
10-05 02:33 z2600_y4200_x1800 y valid 0.443 {'ens_fwd': (0.014, 0.011), 'ens_rev': (0.0, 0.0)} one-sided 0.014 152 s
10-05 02:35 z2600_y3000_x1800 x valid 0.359 {'ens_fwd': (0.007, 0.016), 'ens_rev': (0.015, 0.051)} one-sided -0.008 135 s
10-05 02:37 z1300_y6600_x7800 y valid 0.333 {'ens_fwd': (0.145, 0.088), 'ens_rev': (0.017, 0.019)} one-sided 0.128 113 s
