10-03 13:54 PHerc0358 99 sites {'y': 39, 'x': 60}
10-03 13:55 PHerc0358 99 sites {'y': 39, 'x': 60}
10-03 13:56 z7800_y4200_x4200 track failed 57 s
10-03 13:56 z6500_y4200_x4200 track failed 3 s
10-03 13:56 z6500_y3000_x4200 track failed 4 s
10-03 13:57 z6500_y4200_x3000 track failed 4 s
10-03 13:57 z7800_y4200_x3000 track failed 3 s
10-03 13:57 z7800_y3000_x4200 track failed 3 s
10-03 13:57 z6500_y3000_x3000 track failed 3 s
10-03 13:57 z7800_y4200_x5400 track failed 3 s
10-03 14:09 PHerc0358 99 sites {'y': 39, 'x': 60}
10-03 14:11 z7800_y4200_x4200 x valid 0.349 {'ens_fwd': (0.0, 0.0), 'ens_rev': (0.0, 0.0)} one-sided 0.0 97 s
10-03 14:13 z6500_y4200_x4200 y valid 0.526 {'ens_fwd': (0.0, 0.0), 'ens_rev': (0.0, 0.0)} one-sided 0.0 142 s
10-03 14:16 z6500_y3000_x4200 x valid 0.374 {'ens_fwd': (0.002, 0.001), 'ens_rev': (0.032, 0.024)} one-sided -0.03 137 s
10-03 14:18 z6500_y4200_x3000 x valid 0.851 {'ens_fwd': (0.17, 0.155), 'ens_rev': (0.018, 0.062)} one-sided 0.152 144 s
10-03 14:20 z7800_y4200_x3000 x valid 0.266 {'ens_fwd': (0.0, 0.001), 'ens_rev': (0.0, 0.0)} one-sided 0.0 137 s
10-03 14:23 z7800_y3000_x4200 x valid 0.623 {'ens_fwd': (0.303, 0.166), 'ens_rev': (0.359, 0.182)} one-sided -0.056 145 s
10-03 14:25 z6500_y3000_x3000 x valid 0.494 {'ens_fwd': (0.052, 0.059), 'ens_rev': (0.116, 0.094)} one-sided -0.064 128 s
10-03 14:27 z7800_y4200_x5400 x valid 0.781 {'ens_fwd': (0.03, 0.075), 'ens_rev': (0.0, 0.0)} one-sided 0.03 151 s
10-03 14:30 z7800_y5400_x4200 y valid 0.8 {'ens_fwd': (0.381, 0.233), 'ens_rev': (0.294, 0.058)} one-sided 0.087 151 s
10-03 14:32 z7800_y3000_x3000 x valid 0.535 {'ens_fwd': (0.217, 0.107), 'ens_rev': (0.023, 0.018)} one-sided 0.194 133 s
10-03 14:34 z6500_y4200_x5400 x valid 0.66 {'ens_fwd': (0.046, 0.022), 'ens_rev': (0.0, 0.0)} one-sided 0.046 141 s
10-03 14:37 z6500_y5400_x4200 x valid 0.529 {'ens_fwd': (0.0, 0.0), 'ens_rev': (0.0, 0.0)} one-sided 0.0 142 s
10-03 14:39 z7800_y5400_x3000 y valid 0.471 {'ens_fwd': (0.002, 0.005), 'ens_rev': (0.123, 0.114)} one-sided -0.121 121 s
10-03 14:41 z7800_y5400_x5400 y valid 0.526 {'ens_fwd': (0.097, 0.079), 'ens_rev': (0.013, 0.004)} one-sided 0.084 143 s
10-03 14:43 z6500_y1800_x4200 x valid 0.307 {'ens_fwd': (0.006, 0.006), 'ens_rev': (0.0, 0.0)} one-sided 0.006 106 s
10-03 14:46 z6500_y5400_x5400 x valid 0.706 {'ens_fwd': (0.0, 0.0), 'ens_rev': (0.024, 0.029)} one-sided -0.024 156 s
10-03 14:48 z6500_y1800_x3000 y valid 0.801 {'ens_fwd': (0.102, 0.073), 'ens_rev': (0.192, 0.14)} one-sided -0.09 130 s
10-03 14:50 z6500_y3000_x1800 x valid 0.614 {'ens_fwd': (0.036, 0.061), 'ens_rev': (0.013, 0.02)} one-sided 0.023 114 s
10-03 14:52 z7800_y1800_x3000 y valid 0.405 {'ens_fwd': (0.056, 0.014), 'ens_rev': (0.005, 0.003)} one-sided 0.051 123 s
10-03 14:54 z7800_y3000_x1800 x valid 0.638 {'ens_fwd': (0.061, 0.041), 'ens_rev': (0.287, 0.109)} one-sided -0.226 127 s
10-03 14:56 z6500_y1800_x1800 x valid 0.376 {'ens_fwd': (0.0, 0.0), 'ens_rev': (0.0, 0.0)} one-sided 0.0 136 s
10-03 14:58 z10400_y4200_x3000 y valid 0.326 {'ens_fwd': (0.2, 0.096), 'ens_rev': (0.056, 0.061)} one-sided 0.144 132 s
10-03 15:01 z9100_y4200_x4200 x valid 0.364 {'ens_fwd': (0.0, 0.001), 'ens_rev': (0.001, 0.001)} one-sided -0.001 137 s
10-03 15:03 z5200_y4200_x4200 y valid 0.29 {'ens_fwd': (0.033, 0.03), 'ens_rev': (0.034, 0.025)} one-sided -0.001 142 s
10-03 15:05 z9100_y4200_x3000 y valid 0.717 {'ens_fwd': (0.476, 0.181), 'ens_rev': (0.623, 0.136)} one-sided -0.147 129 s
10-03 15:07 z3900_y4200_x3000 x valid 0.643 {'ens_fwd': (0.117, 0.037), 'ens_rev': (0.016, 0.006)} one-sided 0.101 147 s
10-03 15:10 z3900_y4200_x4200 x valid 0.643 {'ens_fwd': (0.0, 0.0), 'ens_rev': (0.0, 0.0)} one-sided 0.0 140 s
10-03 15:12 z10400_y4200_x4200 y valid 0.634 {'ens_fwd': (0.249, 0.085), 'ens_rev': (0.241, 0.167)} one-sided 0.008 136 s
10-03 15:14 z5200_y3000_x4200 y valid 0.454 {'ens_fwd': (0.006, 0.004), 'ens_rev': (0.001, 0.06)} one-sided 0.005 132 s
10-03 15:17 z5200_y4200_x3000 x valid 0.759 {'ens_fwd': (0.013, 0.011), 'ens_rev': (0.009, 0.008)} one-sided 0.004 139 s
10-03 15:21 z10400_y5400_x3000 y valid 0.448 {'ens_fwd': (0.247, 0.284), 'ens_rev': (0.175, 0.074)} one-sided 0.072 248 s
10-03 15:23 z3900_y3000_x3000 y valid 0.508 {'ens_fwd': (0.023, 0.039), 'ens_rev': (0.188, 0.189)} one-sided -0.165 131 s
10-03 15:25 z3900_y3000_x4200 y valid 0.369 {'ens_fwd': (0.02, 0.011), 'ens_rev': (0.027, 0.019)} one-sided -0.007 127 s
10-03 15:27 z5200_y3000_x3000 x valid 0.606 {'ens_fwd': (0.074, 0.056), 'ens_rev': (0.266, 0.162)} one-sided -0.192 128 s
10-03 15:30 z10400_y5400_x4200 y valid 0.653 {'ens_fwd': (0.283, 0.52), 'ens_rev': (0.825, 0.226)} one-sided -0.542 142 s
10-03 15:32 z9100_y5400_x4200 y valid 0.866 {'ens_fwd': (0.38, 0.089), 'ens_rev': (0.351, 0.071)} one-sided 0.029 142 s
10-03 15:34 z9100_y5400_x3000 y valid 0.812 {'ens_fwd': (0.33, 0.074), 'ens_rev': (0.303, 0.116)} one-sided 0.027 139 s
10-03 15:37 z9100_y3000_x4200 x valid 0.308 {'ens_fwd': (0.0, 0.0), 'ens_rev': (0.0, 0.0)} one-sided 0.0 148 s
10-03 15:39 z9100_y3000_x3000 x valid 0.358 {'ens_fwd': (0.062, 0.023), 'ens_rev': (0.229, 0.363)} one-sided -0.167 131 s
10-03 15:41 z10400_y3000_x3000 y valid 0.754 {'ens_fwd': (0.55, 0.225), 'ens_rev': (0.215, 0.218)} one-sided 0.335 131 s
10-03 15:43 z10400_y3000_x4200 y valid 0.639 {'ens_fwd': (0.594, 0.279), 'ens_rev': (0.036, 0.007)} one-sided 0.558 134 s
10-03 15:46 z10400_y4200_x1800 x valid 0.904 {'ens_fwd': (0.002, 0.002), 'ens_rev': (0.036, 0.017)} one-sided -0.034 138 s
10-03 15:47 z3900_y5400_x3000 y valid 0.476 {'ens_fwd': (0.163, 0.222), 'ens_rev': (0.0, 0.0)} one-sided 0.163 109 s
10-03 15:50 z3900_y5400_x4200 y valid 0.826 {'ens_fwd': (0.11, 0.03), 'ens_rev': (0.0, 0.0)} one-sided 0.11 140 s
10-03 15:52 z9100_y4200_x5400 x valid 0.748 {'ens_fwd': (0.0, 0.0), 'ens_rev': (0.0, 0.0)} one-sided 0.0 136 s
10-03 15:54 z5200_y4200_x5400 x valid 0.539 {'ens_fwd': (0.064, 0.074), 'ens_rev': (0.05, 0.045)} one-sided 0.014 131 s
10-03 15:56 z5200_y5400_x4200 y valid 0.483 {'ens_fwd': (0.006, 0.003), 'ens_rev': (0.06, 0.026)} one-sided -0.054 135 s
10-03 15:59 z9100_y4200_x1800 x valid 0.89 {'ens_fwd': (0.161, 0.087), 'ens_rev': (0.096, 0.021)} one-sided 0.065 137 s
10-03 16:01 z10400_y5400_x1800 x valid 0.607 {'ens_fwd': (0.033, 0.019), 'ens_rev': (0.036, 0.024)} one-sided -0.003 126 s
10-03 16:03 z10400_y4200_x5400 x valid 0.798 {'ens_fwd': (0.056, 0.068), 'ens_rev': (0.0, 0.0)} one-sided 0.056 132 s
10-03 16:05 z3900_y4200_x5400 x valid 0.578 {'ens_fwd': (0.086, 0.012), 'ens_rev': (0.008, 0.001)} one-sided 0.078 125 s
10-03 16:08 z9100_y5400_x5400 x valid 0.618 {'ens_fwd': (0.0, 0.0), 'ens_rev': (0.0, 0.0)} one-sided 0.0 142 s
10-03 16:10 z3900_y3000_x1800 x valid 0.61 {'ens_fwd': (0.032, 0.009), 'ens_rev': (0.23, 0.055)} one-sided -0.198 131 s
10-03 16:12 z10400_y5400_x5400 y valid 0.478 {'ens_fwd': (0.119, 0.105), 'ens_rev': (0.102, 0.069)} one-sided 0.017 141 s
10-03 16:14 z10400_y3000_x1800 x valid 0.672 {'ens_fwd': (0.098, 0.015), 'ens_rev': (0.0, 0.0)} one-sided 0.098 133 s
10-03 16:16 z5200_y1800_x3000 x valid 0.566 {'ens_fwd': (0.071, 0.029), 'ens_rev': (0.029, 0.012)} one-sided 0.042 135 s
10-03 16:18 z5200_y3000_x1800 x valid 0.433 {'ens_fwd': (0.001, 0.0), 'ens_rev': (0.028, 0.008)} one-sided -0.027 118 s
10-03 16:21 z10400_y6600_x4200 y valid 0.356 {'ens_fwd': (0.337, 0.266), 'ens_rev': (0.063, 0.058)} one-sided 0.274 134 s
10-03 16:23 z3900_y1800_x3000 x valid 0.541 {'ens_fwd': (0.0, 0.0), 'ens_rev': (0.019, 0.05)} one-sided -0.019 130 s
10-03 16:25 z9100_y3000_x1800 y valid 0.449 {'ens_fwd': (0.144, 0.092), 'ens_rev': (0.074, 0.048)} one-sided 0.07 123 s
10-03 16:27 z5200_y5400_x5400 x valid 0.647 {'ens_fwd': (0.438, 0.274), 'ens_rev': (0.015, 0.009)} one-sided 0.423 140 s
10-03 16:30 z3900_y5400_x5400 x valid 0.719 {'ens_fwd': (0.027, 0.016), 'ens_rev': (0.021, 0.008)} one-sided 0.006 139 s
10-03 16:32 z3900_y1800_x1800 x valid 0.38 {'ens_fwd': (0.0, 0.0), 'ens_rev': (0.023, 0.062)} one-sided -0.023 130 s
10-03 16:34 z9100_y6600_x5400 y valid 0.675 {'ens_fwd': (0.009, 0.004), 'ens_rev': (0.037, 0.026)} one-sided -0.028 111 s
10-03 16:36 z5200_y1800_x1800 x valid 0.337 {'ens_fwd': (0.116, 0.116), 'ens_rev': (0.103, 0.055)} one-sided 0.013 124 s
10-03 16:38 z13000_y4200_x3000 x valid 0.515 {'ens_fwd': (0.059, 0.092), 'ens_rev': (0.0, 0.0)} one-sided 0.059 134 s
10-03 16:40 z11700_y4200_x3000 y valid 0.393 {'ens_fwd': (0.0, 0.0), 'ens_rev': (0.032, 0.024)} one-sided -0.032 128 s
10-03 16:42 z2600_y4200_x4200 x valid 0.406 {'ens_fwd': (0.0, 0.0), 'ens_rev': (0.0, 0.0)} one-sided 0.0 134 s
10-03 16:44 z2600_y4200_x3000 x valid 0.536 {'ens_fwd': (0.045, 0.026), 'ens_rev': (0.0, 0.0)} one-sided 0.045 133 s
10-03 16:47 z1300_y4200_x4200 x valid 0.507 {'ens_fwd': (0.01, 0.01), 'ens_rev': (0.008, 0.001)} one-sided 0.002 128 s
10-03 16:49 z2600_y3000_x4200 x valid 0.444 {'ens_fwd': (0.356, 0.304), 'ens_rev': (0.072, 0.04)} one-sided 0.284 134 s
10-03 16:51 z11700_y4200_x4200 x valid 0.783 {'ens_fwd': (0.108, 0.052), 'ens_rev': (0.034, 0.017)} one-sided 0.074 143 s
10-03 16:53 z2600_y3000_x3000 x valid 0.341 {'ens_fwd': (0.0, 0.0), 'ens_rev': (0.0, 0.0)} one-sided 0.0 131 s
10-03 16:56 z11700_y5400_x3000 x valid 0.691 {'ens_fwd': (0.665, 0.389), 'ens_rev': (0.37, 0.115)} one-sided 0.295 136 s
10-03 16:58 z11700_y3000_x3000 y valid 0.503 {'ens_fwd': (0.027, 0.01), 'ens_rev': (0.0, 0.0)} one-sided 0.027 127 s
10-03 17:00 z13000_y4200_x1800 x valid 0.502 {'ens_fwd': (0.0, 0.0), 'ens_rev': (0.034, 0.016)} one-sided -0.034 134 s
10-03 17:02 z13000_y5400_x3000 x valid 0.622 {'ens_fwd': (0.163, 0.171), 'ens_rev': (0.041, 0.025)} one-sided 0.122 134 s
10-03 17:04 z1300_y5400_x4200 y valid 0.431 {'ens_fwd': (0.144, 0.041), 'ens_rev': (0.046, 0.011)} one-sided 0.098 118 s
10-03 17:07 z11700_y5400_x4200 x valid 0.759 {'ens_fwd': (0.08, 0.108), 'ens_rev': (0.051, 0.044)} one-sided 0.029 146 s
10-03 17:09 z11700_y4200_x1800 x valid 0.579 {'ens_fwd': (0.005, 0.002), 'ens_rev': (0.014, 0.004)} one-sided -0.009 131 s
10-03 17:11 z11700_y3000_x4200 x valid 0.624 {'ens_fwd': (0.0, 0.0), 'ens_rev': (0.0, 0.0)} one-sided 0.0 131 s
10-03 17:13 z13000_y3000_x3000 x valid 0.336 {'ens_fwd': (0.0, 0.0), 'ens_rev': (0.012, 0.014)} one-sided -0.012 118 s
10-03 17:15 z2600_y5400_x4200 y valid 0.743 {'ens_fwd': (0.041, 0.009), 'ens_rev': (0.003, 0.001)} one-sided 0.038 139 s
10-03 17:18 z2600_y4200_x5400 y valid 0.46 {'ens_fwd': (0.0, 0.0), 'ens_rev': (0.0, 0.0)} one-sided 0.0 134 s
10-03 17:19 z2600_y5400_x3000 y valid 0.29 {'ens_fwd': (0.06, 0.021), 'ens_rev': (0.0, 0.0)} one-sided 0.06 105 s
10-03 17:21 z2600_y4200_x1800 x valid 0.406 {'ens_fwd': (0.002, 0.046), 'ens_rev': (0.0, 0.0)} one-sided 0.002 110 s
10-03 17:23 z2600_y1800_x4200 x valid 0.367 {'ens_fwd': (0.015, 0.062), 'ens_rev': (0.087, 0.064)} one-sided -0.072 120 s
10-03 17:25 z2600_y3000_x1800 x valid 0.69 {'ens_fwd': (0.032, 0.019), 'ens_rev': (0.003, 0.004)} one-sided 0.029 126 s
10-03 17:27 z11700_y3000_x1800 y valid 0.404 {'ens_fwd': (0.143, 0.074), 'ens_rev': (0.0, 0.0)} one-sided 0.143 127 s
10-03 17:29 z2600_y1800_x3000 y valid 0.764 {'ens_fwd': (0.081, 0.07), 'ens_rev': (0.0, 0.0)} one-sided 0.081 126 s
10-03 17:32 z13000_y3000_x1800 y valid 0.489 {'ens_fwd': (0.318, 0.139), 'ens_rev': (0.059, 0.046)} one-sided 0.259 126 s
10-03 17:34 z11700_y4200_x5400 x valid 0.634 {'ens_fwd': (0.017, 0.082), 'ens_rev': (0.048, 0.081)} one-sided -0.031 118 s
10-03 17:36 z13000_y5400_x4200 x valid 0.648 {'ens_fwd': (0.213, 0.143), 'ens_rev': (0.103, 0.033)} one-sided 0.11 135 s
10-03 17:38 z1300_y4200_x3000 y valid 0.397 {'ens_fwd': (0.013, 0.088), 'ens_rev': (0.109, 0.018)} one-sided -0.096 120 s
10-03 17:39 z11700_y6600_x3000 y valid 0.436 {'ens_fwd': (0.0, 0.0), 'ens_rev': (0.0, 0.0)} one-sided 0.0 103 s
10-03 17:41 z11700_y5400_x5400 y valid 0.409 {'ens_fwd': (0.0, 0.0), 'ens_rev': (0.0, 0.0)} one-sided 0.0 119 s
10-03 17:44 z2600_y5400_x5400 x valid 0.287 {'ens_fwd': (0.066, 0.046), 'ens_rev': (0.019, 0.013)} one-sided 0.047 128 s
10-03 17:46 z11700_y6600_x4200 y valid 0.645 {'ens_fwd': (0.001, 0.002), 'ens_rev': (0.002, 0.001)} one-sided -0.001 125 s
10-03 17:47 z2600_y1800_x1800 x valid 0.449 {'ens_fwd': (0.004, 0.005), 'ens_rev': (0.0, 0.0)} one-sided 0.004 105 s
