10-05 02:46 PHerc0483B 107 sites {'y': 51, 'x': 56}
10-05 13:48 PHerc0483B 107 sites {'y': 51, 'x': 56}
10-05 13:51 z7800_y4200_x4200 x valid 0.835 {'ens_fwd': (0.207, 0.193), 'ens_rev': (0.079, 0.07)} one-sided 0.128 166 s
10-05 13:54 z6500_y4200_x4200 x valid 0.593 {'ens_fwd': (0.0, 0.0), 'ens_rev': (0.0, 0.0)} one-sided 0.0 160 s
10-05 13:57 z5200_y4200_x4200 y valid 0.35 {'ens_fwd': (0.0, 0.0), 'ens_rev': (0.0, 0.0)} one-sided 0.0 157 s
10-05 13:59 z5200_y5400_x4200 x valid 0.515 {'ens_fwd': (0.033, 0.16), 'ens_rev': (0.002, 0.002)} one-sided 0.031 159 s
10-05 14:02 z6500_y5400_x4200 y valid 0.596 {'ens_fwd': (0.031, 0.069), 'ens_rev': (0.087, 0.211)} one-sided -0.056 155 s
10-05 14:04 z7800_y4200_x5400 y valid 0.396 {'ens_fwd': (0.055, 0.032), 'ens_rev': (0.132, 0.058)} one-sided -0.077 157 s
10-05 14:08 z5200_y4200_x3000 y valid 0.486 {'ens_fwd': (0.117, 0.152), 'ens_rev': (0.018, 0.019)} one-sided 0.099 190 s
10-05 14:10 z6500_y4200_x3000 x valid 0.511 {'ens_fwd': (0.0, 0.0), 'ens_rev': (0.0, 0.0)} one-sided 0.0 153 s
10-05 14:13 z7800_y5400_x4200 x valid 0.795 {'ens_fwd': (0.0, 0.0), 'ens_rev': (0.0, 0.0)} one-sided 0.0 166 s
10-05 14:15 z7800_y3000_x4200 x valid 0.315 {'ens_fwd': (0.01, 0.007), 'ens_rev': (0.074, 0.104)} one-sided -0.064 146 s
10-05 14:18 z7800_y4200_x3000 y valid 0.632 {'ens_fwd': (0.068, 0.096), 'ens_rev': (0.003, 0.006)} one-sided 0.065 159 s
10-05 14:21 z6500_y4200_x5400 y valid 0.499 {'ens_fwd': (0.281, 0.385), 'ens_rev': (0.146, 0.139)} one-sided 0.135 156 s
10-05 14:23 z6500_y3000_x4200 y valid 0.816 {'ens_fwd': (0.144, 0.031), 'ens_rev': (0.139, 0.045)} one-sided 0.005 155 s
10-05 14:26 z5200_y4200_x5400 x valid 0.542 {'ens_fwd': (0.648, 0.263), 'ens_rev': (0.387, 0.229)} one-sided 0.261 156 s
10-05 14:28 z5200_y5400_x3000 y valid 0.458 {'ens_fwd': (0.123, 0.291), 'ens_rev': (0.059, 0.028)} one-sided 0.064 148 s
10-05 14:31 z6500_y5400_x3000 x valid 0.778 {'ens_fwd': (0.0, 0.0), 'ens_rev': (0.127, 0.057)} one-sided -0.127 149 s
10-05 14:33 z5200_y3000_x4200 x valid 0.624 {'ens_fwd': (0.0, 0.0), 'ens_rev': (0.0, 0.0)} one-sided 0.0 148 s
10-05 14:36 z7800_y5400_x5400 y valid 0.842 {'ens_fwd': (0.002, 0.001), 'ens_rev': (0.019, 0.025)} one-sided -0.017 165 s
10-05 14:39 z7800_y3000_x5400 y valid 0.55 {'ens_fwd': (0.371, 0.111), 'ens_rev': (0.05, 0.005)} one-sided 0.321 157 s
10-05 14:41 z6500_y5400_x5400 y valid 0.49 {'ens_fwd': (0.001, 0.001), 'ens_rev': (0.0, 0.0)} one-sided 0.001 154 s
10-05 14:44 z7800_y3000_x3000 y valid 0.875 {'ens_fwd': (0.354, 0.234), 'ens_rev': (0.115, 0.037)} one-sided 0.239 149 s
10-05 14:46 z7800_y5400_x3000 x valid 0.794 {'ens_fwd': (0.004, 0.006), 'ens_rev': (0.064, 0.128)} one-sided -0.06 160 s
10-05 14:49 z6500_y3000_x3000 y valid 0.67 {'ens_fwd': (0.043, 0.045), 'ens_rev': (0.007, 0.004)} one-sided 0.036 155 s
10-05 14:52 z5200_y5400_x5400 x valid 0.332 {'ens_fwd': (0.366, 0.321), 'ens_rev': (0.071, 0.065)} one-sided 0.295 169 s
10-05 14:54 z5200_y3000_x3000 y valid 0.541 {'ens_fwd': (0.056, 0.028), 'ens_rev': (0.017, 0.007)} one-sided 0.039 148 s
10-05 14:57 z6500_y3000_x5400 x valid 0.456 {'ens_fwd': (0.051, 0.062), 'ens_rev': (0.001, 0.001)} one-sided 0.05 155 s
10-05 14:59 z5200_y3000_x5400 y valid 0.807 {'ens_fwd': (0.002, 0.0), 'ens_rev': (0.0, 0.0)} one-sided 0.002 151 s
10-05 15:02 z7800_y4200_x6600 x valid 0.587 {'ens_fwd': (0.021, 0.025), 'ens_rev': (0.259, 0.241)} one-sided -0.238 152 s
10-05 15:04 z6500_y6600_x4200 y valid 0.398 {'ens_fwd': (0.106, 0.077), 'ens_rev': (0.0, 0.0)} one-sided 0.106 164 s
10-05 15:07 z5200_y6600_x4200 y valid 0.847 {'ens_fwd': (0.108, 0.03), 'ens_rev': (0.064, 0.033)} one-sided 0.044 150 s
10-05 15:09 z6500_y4200_x1800 x valid 0.701 {'ens_fwd': (0.431, 0.206), 'ens_rev': (0.477, 0.262)} one-sided -0.046 153 s
10-05 15:12 z7800_y1800_x4200 x valid 0.349 {'ens_fwd': (0.0, 0.0), 'ens_rev': (0.001, 0.003)} one-sided -0.001 176 s
10-05 15:15 z7800_y6600_x4200 y valid 0.838 {'ens_fwd': (0.186, 0.122), 'ens_rev': (0.083, 0.055)} one-sided 0.103 160 s
10-05 15:18 z5200_y4200_x1800 x valid 0.75 {'ens_fwd': (0.234, 0.069), 'ens_rev': (0.012, 0.003)} one-sided 0.222 153 s
10-05 15:22 z7800_y4200_x1800 y valid 0.335 {'ens_fwd': (0.0, 0.0), 'ens_rev': (0.0, 0.0)} one-sided 0.0 255 s
10-05 15:24 z6500_y5400_x1800 x valid 0.366 {'ens_fwd': (0.123, 0.114), 'ens_rev': (0.111, 0.134)} one-sided 0.012 144 s
10-05 15:26 z6500_y6600_x3000 y valid 0.44 {'ens_fwd': (0.0, 0.0), 'ens_rev': (0.0, 0.0)} one-sided 0.0 129 s
10-05 15:29 z7800_y5400_x6600 x valid 0.317 {'ens_fwd': (0.008, 0.01), 'ens_rev': (0.0, 0.0)} one-sided 0.008 141 s
10-05 15:31 z5200_y6600_x3000 x valid 0.35 {'ens_fwd': (0.006, 0.023), 'ens_rev': (0.007, 0.009)} one-sided -0.001 120 s
10-05 15:33 z6500_y4200_x6600 y valid 0.489 {'ens_fwd': (0.063, 0.131), 'ens_rev': (0.184, 0.14)} one-sided -0.121 150 s
10-05 15:36 z7800_y3000_x6600 y valid 0.633 {'ens_fwd': (0.028, 0.022), 'ens_rev': (0.0, 0.0)} one-sided 0.028 153 s
10-05 15:38 z7800_y6600_x5400 x valid 0.316 {'ens_fwd': (0.017, 0.134), 'ens_rev': (0.0, 0.0)} one-sided 0.017 122 s
10-05 15:40 z5200_y5400_x1800 x valid 0.351 {'ens_fwd': (0.223, 0.172), 'ens_rev': (0.035, 0.037)} one-sided 0.188 132 s
10-05 15:42 z6500_y1800_x4200 y valid 0.773 {'ens_fwd': (0.287, 0.088), 'ens_rev': (0.344, 0.149)} one-sided -0.057 137 s
10-05 15:45 z6500_y6600_x5400 y valid 0.625 {'ens_fwd': (0.0, 0.0), 'ens_rev': (0.0, 0.0)} one-sided 0.0 137 s
10-05 15:47 z7800_y6600_x3000 y valid 0.408 {'ens_fwd': (0.064, 0.08), 'ens_rev': (0.0, 0.0)} one-sided 0.064 140 s
10-05 15:49 z6500_y3000_x1800 y valid 0.798 {'ens_fwd': (0.441, 0.184), 'ens_rev': (0.077, 0.035)} one-sided 0.364 147 s
10-05 15:52 z7800_y3000_x1800 x valid 0.383 {'ens_fwd': (0.158, 0.065), 'ens_rev': (0.425, 0.138)} one-sided -0.267 148 s
10-05 15:54 z7800_y5400_x1800 x valid 0.474 {'ens_fwd': (0.076, 0.081), 'ens_rev': (0.059, 0.064)} one-sided 0.017 157 s
10-05 15:57 z5200_y6600_x5400 y valid 0.918 {'ens_fwd': (0.235, 0.106), 'ens_rev': (0.27, 0.072)} one-sided -0.035 140 s
10-05 15:59 z5200_y4200_x6600 y valid 0.323 {'ens_fwd': (0.0, 0.0), 'ens_rev': (0.012, 0.097)} one-sided -0.012 122 s
10-05 16:01 z6500_y5400_x6600 x valid 0.586 {'ens_fwd': (0.068, 0.096), 'ens_rev': (0.006, 0.005)} one-sided 0.062 142 s
10-05 16:04 z5200_y3000_x1800 x valid 0.453 {'ens_fwd': (0.019, 0.022), 'ens_rev': (0.052, 0.039)} one-sided -0.033 158 s
10-05 16:06 z6500_y3000_x6600 x valid 0.28 {'ens_fwd': (0.04, 0.021), 'ens_rev': (0.042, 0.03)} one-sided -0.002 119 s
10-05 16:08 z5200_y5400_x6600 x valid 0.676 {'ens_fwd': (0.103, 0.059), 'ens_rev': (0.0, 0.0)} one-sided 0.103 148 s
10-05 16:11 z9100_y4200_x4200 x valid 0.75 {'ens_fwd': (0.0, 0.0), 'ens_rev': (0.006, 0.007)} one-sided -0.006 165 s
10-05 16:14 z3900_y4200_x4200 x valid 0.341 {'ens_fwd': (0.002, 0.003), 'ens_rev': (0.0, 0.0)} one-sided 0.002 190 s
10-05 16:17 z3900_y5400_x4200 y valid 0.828 {'ens_fwd': (0.097, 0.024), 'ens_rev': (0.129, 0.016)} one-sided -0.032 155 s
10-05 16:19 z9100_y4200_x5400 x valid 0.408 {'ens_fwd': (0.119, 0.103), 'ens_rev': (0.044, 0.098)} one-sided 0.075 156 s
10-05 16:22 z9100_y3000_x4200 x valid 0.749 {'ens_fwd': (0.0, 0.0), 'ens_rev': (0.0, 0.0)} one-sided 0.0 153 s
10-05 16:25 z9100_y5400_x4200 y valid 0.899 {'ens_fwd': (0.372, 0.083), 'ens_rev': (0.31, 0.06)} one-sided 0.062 154 s
10-05 16:27 z9100_y4200_x3000 y valid 0.43 {'ens_fwd': (0.002, 0.005), 'ens_rev': (0.0, 0.0)} one-sided 0.002 152 s
10-05 16:30 z3900_y4200_x3000 x valid 0.396 {'ens_fwd': (0.091, 0.036), 'ens_rev': (0.041, 0.031)} one-sided 0.05 158 s
10-05 16:32 z9100_y3000_x5400 y valid 0.442 {'ens_fwd': (0.061, 0.025), 'ens_rev': (0.002, 0.005)} one-sided 0.059 145 s
10-05 16:35 z3900_y4200_x5400 x valid 0.723 {'ens_fwd': (0.0, 0.0), 'ens_rev': (0.005, 0.007)} one-sided -0.005 156 s
10-05 16:37 z9100_y5400_x5400 y valid 0.782 {'ens_fwd': (0.013, 0.006), 'ens_rev': (0.01, 0.025)} one-sided 0.003 153 s
10-05 16:40 z3900_y5400_x3000 x valid 0.371 {'ens_fwd': (0.081, 0.061), 'ens_rev': (0.07, 0.052)} one-sided 0.011 172 s
10-05 16:42 z9100_y3000_x3000 y valid 0.345 {'ens_fwd': (0.0, 0.0), 'ens_rev': (0.0, 0.0)} one-sided 0.0 138 s
10-05 16:45 z3900_y5400_x5400 y valid 0.805 {'ens_fwd': (0.0, 0.0), 'ens_rev': (0.064, 0.135)} one-sided -0.064 159 s
10-05 16:47 z9100_y5400_x3000 x valid 0.476 {'ens_fwd': (0.179, 0.111), 'ens_rev': (0.0, 0.0)} one-sided 0.179 143 s
10-05 16:50 z3900_y3000_x4200 y valid 0.459 {'ens_fwd': (0.041, 0.019), 'ens_rev': (0.014, 0.007)} one-sided 0.027 162 s
10-05 16:53 z9100_y4200_x6600 x valid 0.608 {'ens_fwd': (0.258, 0.119), 'ens_rev': (0.215, 0.122)} one-sided 0.043 146 s
10-05 16:55 z9100_y1800_x4200 y valid 0.788 {'ens_fwd': (0.0, 0.009), 'ens_rev': (0.007, 0.007)} one-sided -0.007 151 s
10-05 16:58 z3900_y3000_x3000 y valid 0.667 {'ens_fwd': (0.0, 0.0), 'ens_rev': (0.011, 0.003)} one-sided -0.011 143 s
10-05 17:00 z3900_y6600_x4200 y valid 0.883 {'ens_fwd': (0.138, 0.031), 'ens_rev': (0.344, 0.162)} one-sided -0.206 149 s
10-05 17:02 z9100_y3000_x6600 x valid 0.692 {'ens_fwd': (0.12, 0.032), 'ens_rev': (0.036, 0.01)} one-sided 0.084 140 s
10-05 17:05 z9100_y6600_x4200 x valid 0.412 {'ens_fwd': (0.046, 0.033), 'ens_rev': (0.007, 0.006)} one-sided 0.039 159 s
10-05 17:07 z9100_y1800_x5400 y valid 0.883 {'ens_fwd': (0.001, 0.0), 'ens_rev': (0.38, 0.1)} one-sided -0.379 148 s
10-05 17:10 z9100_y4200_x1800 y valid 0.418 {'ens_fwd': (0.0, 0.0), 'ens_rev': (0.089, 0.07)} one-sided -0.089 155 s
10-05 17:13 z9100_y5400_x6600 x valid 0.72 {'ens_fwd': (0.041, 0.161), 'ens_rev': (0.075, 0.09)} one-sided -0.034 154 s
10-05 17:15 z9100_y6600_x5400 x valid 0.279 {'ens_fwd': (0.032, 0.164), 'ens_rev': (0.0, 0.0)} one-sided 0.032 132 s
10-05 17:17 z9100_y1800_x3000 x valid 0.473 {'ens_fwd': (0.0, 0.0), 'ens_rev': (0.0, 0.0)} one-sided 0.0 122 s
10-05 17:19 z9100_y6600_x3000 y valid 0.807 {'ens_fwd': (0.044, 0.032), 'ens_rev': (0.195, 0.056)} one-sided -0.151 142 s
10-05 17:22 z3900_y4200_x1800 x valid 0.469 {'ens_fwd': (0.007, 0.065), 'ens_rev': (0.0, 0.0)} one-sided 0.007 172 s
10-05 17:24 z9100_y5400_x1800 x valid 0.295 {'ens_fwd': (0.007, 0.002), 'ens_rev': (0.008, 0.012)} one-sided -0.001 140 s
10-05 17:27 z3900_y5400_x6600 y valid 0.49 {'ens_fwd': (0.146, 0.062), 'ens_rev': (0.266, 0.122)} one-sided -0.12 139 s
10-05 17:29 z3900_y3000_x1800 x valid 0.523 {'ens_fwd': (0.04, 0.026), 'ens_rev': (0.102, 0.079)} one-sided -0.062 126 s
10-05 17:31 z10400_y4200_x5400 y valid 0.402 {'ens_fwd': (0.108, 0.029), 'ens_rev': (0.125, 0.052)} one-sided -0.017 153 s
10-05 17:35 z2600_y4200_x4200 x valid 0.469 {'ens_fwd': (0.039, 0.022), 'ens_rev': (0.0, 0.0)} one-sided 0.039 198 s
10-05 17:37 z2600_y4200_x5400 y valid 0.713 {'ens_fwd': (0.12, 0.095), 'ens_rev': (0.04, 0.051)} one-sided 0.08 159 s
10-05 17:40 z2600_y5400_x4200 y valid 0.879 {'ens_fwd': (0.167, 0.138), 'ens_rev': (0.0, 0.0)} one-sided 0.167 156 s
10-05 17:42 z10400_y4200_x4200 y valid 0.554 {'ens_fwd': (0.047, 0.016), 'ens_rev': (0.148, 0.047)} one-sided -0.101 144 s
10-05 17:45 z2600_y5400_x5400 y valid 0.854 {'ens_fwd': (0.12, 0.069), 'ens_rev': (0.041, 0.123)} one-sided 0.079 153 s
10-05 17:47 z10400_y5400_x5400 y valid 0.6 {'ens_fwd': (0.155, 0.06), 'ens_rev': (0.062, 0.032)} one-sided 0.093 150 s
10-05 17:50 z10400_y3000_x5400 x valid 0.58 {'ens_fwd': (0.349, 0.147), 'ens_rev': (0.569, 0.277)} one-sided -0.22 153 s
10-05 17:53 z10400_y5400_x4200 y valid 0.872 {'ens_fwd': (0.32, 0.083), 'ens_rev': (0.248, 0.057)} one-sided 0.072 161 s
10-05 17:55 z10400_y4200_x6600 x valid 0.649 {'ens_fwd': (0.073, 0.047), 'ens_rev': (0.311, 0.101)} one-sided -0.238 151 s
10-05 17:57 z2600_y3000_x4200 x valid 0.427 {'ens_fwd': (0.011, 0.01), 'ens_rev': (0.405, 0.368)} one-sided -0.394 139 s
10-05 18:00 z2600_y4200_x3000 x valid 0.466 {'ens_fwd': (0.391, 0.339), 'ens_rev': (0.185, 0.125)} one-sided 0.206 148 s
10-05 18:03 z2600_y5400_x3000 x valid 0.607 {'ens_fwd': (0.631, 0.429), 'ens_rev': (0.017, 0.011)} one-sided 0.614 165 s
10-05 18:05 z10400_y5400_x6600 y valid 0.418 {'ens_fwd': (0.042, 0.069), 'ens_rev': (0.097, 0.119)} one-sided -0.055 120 s
10-05 18:07 z2600_y4200_x6600 x valid 0.503 {'ens_fwd': (0.023, 0.007), 'ens_rev': (0.005, 0.014)} one-sided 0.018 143 s
10-05 18:09 z2600_y5400_x6600 x valid 0.305 {'ens_fwd': (0.029, 0.017), 'ens_rev': (0.0, 0.0)} one-sided 0.029 144 s
10-05 18:12 z10400_y3000_x6600 x valid 0.535 {'ens_fwd': (0.019, 0.008), 'ens_rev': (0.007, 0.003)} one-sided 0.012 146 s
10-05 18:15 z10400_y4200_x3000 x valid 0.271 {'ens_fwd': (0.163, 0.249), 'ens_rev': (0.145, 0.19)} one-sided 0.018 163 s
10-05 18:17 z10400_y5400_x3000 x valid 0.426 {'ens_fwd': (0.084, 0.033), 'ens_rev': (0.392, 0.09)} one-sided -0.308 164 s
10-05 18:20 z10400_y1800_x5400 x valid 0.525 {'ens_fwd': (0.068, 0.056), 'ens_rev': (0.005, 0.005)} one-sided 0.063 162 s
