10-04 20:24 PHerc0343 140 sites {'y': 75, 'x': 65}
10-05 02:37 PHerc0343 140 sites {'y': 75, 'x': 65}
10-05 02:40 z10400_y4200_x5400 x valid 0.445 {'ens_fwd': (0.251, 0.125), 'ens_rev': (0.113, 0.025)} one-sided 0.138 178 s
10-05 02:43 z10400_y4200_x4200 x valid 0.429 {'ens_fwd': (0.186, 0.162), 'ens_rev': (0.3, 0.122)} one-sided -0.114 163 s
10-05 02:46 z9100_y4200_x5400 y valid 0.662 {'ens_fwd': (0.196, 0.155), 'ens_rev': (0.04, 0.018)} one-sided 0.156 179 s
10-05 02:49 z9100_y4200_x4200 x valid 0.775 {'ens_fwd': (0.003, 0.006), 'ens_rev': (0.028, 0.008)} one-sided -0.025 178 s
10-05 02:52 z9100_y5400_x5400 x valid 0.571 {'ens_fwd': (0.174, 0.062), 'ens_rev': (0.329, 0.203)} one-sided -0.155 150 s
10-05 02:54 z9100_y5400_x4200 x valid 0.415 {'ens_fwd': (0.308, 0.3), 'ens_rev': (0.086, 0.029)} one-sided 0.222 175 s
10-05 02:57 z10400_y5400_x5400 y valid 0.702 {'ens_fwd': (0.213, 0.093), 'ens_rev': (0.017, 0.007)} one-sided 0.196 159 s
10-05 03:00 z10400_y5400_x4200 y valid 0.724 {'ens_fwd': (0.03, 0.024), 'ens_rev': (0.161, 0.064)} one-sided -0.131 157 s
10-05 03:02 z10400_y3000_x5400 y valid 0.869 {'ens_fwd': (0.609, 0.176), 'ens_rev': (0.061, 0.01)} one-sided 0.548 159 s
10-05 03:05 z10400_y3000_x4200 y valid 0.775 {'ens_fwd': (0.111, 0.023), 'ens_rev': (0.055, 0.008)} one-sided 0.056 150 s
10-05 03:07 z9100_y3000_x5400 y valid 0.916 {'ens_fwd': (0.369, 0.148), 'ens_rev': (0.685, 0.121)} one-sided -0.316 151 s
10-05 03:10 z10400_y4200_x6600 x valid 0.924 {'ens_fwd': (0.229, 0.04), 'ens_rev': (0.181, 0.037)} one-sided 0.048 152 s
10-05 03:12 z9100_y3000_x4200 y valid 0.791 {'ens_fwd': (0.339, 0.097), 'ens_rev': (0.058, 0.047)} one-sided 0.281 150 s
10-05 03:15 z9100_y4200_x6600 x valid 0.755 {'ens_fwd': (0.063, 0.013), 'ens_rev': (0.08, 0.02)} one-sided -0.017 148 s
10-05 03:17 z10400_y4200_x3000 x valid 0.564 {'ens_fwd': (0.424, 0.807), 'ens_rev': (0.094, 0.073)} one-sided 0.33 149 s
10-05 03:20 z9100_y4200_x3000 x valid 0.744 {'ens_fwd': (0.0, 0.0), 'ens_rev': (0.064, 0.119)} one-sided -0.064 159 s
10-05 03:23 z9100_y5400_x6600 y valid 0.439 {'ens_fwd': (0.0, 0.0), 'ens_rev': (0.0, 0.0)} one-sided 0.0 152 s
10-05 03:25 z9100_y5400_x3000 y valid 0.761 {'ens_fwd': (0.439, 0.198), 'ens_rev': (0.028, 0.039)} one-sided 0.411 151 s
10-05 03:28 z10400_y5400_x6600 x valid 0.593 {'ens_fwd': (0.082, 0.049), 'ens_rev': (0.068, 0.055)} one-sided 0.014 149 s
10-05 03:30 z9100_y6600_x5400 y valid 0.947 {'ens_fwd': (0.095, 0.027), 'ens_rev': (0.259, 0.032)} one-sided -0.164 151 s
10-05 03:32 z10400_y5400_x3000 x valid 0.528 {'ens_fwd': (0.112, 0.13), 'ens_rev': (0.0, 0.0)} one-sided 0.112 139 s
10-05 03:34 z10400_y6600_x5400 y valid 0.602 {'ens_fwd': (0.124, 0.016), 'ens_rev': (0.14, 0.041)} one-sided -0.016 120 s
10-05 03:37 z10400_y3000_x6600 y valid 0.326 {'ens_fwd': (0.144, 0.069), 'ens_rev': (0.001, 0.001)} one-sided 0.143 126 s
10-05 03:39 z10400_y3000_x3000 y valid 0.494 {'ens_fwd': (0.131, 0.047), 'ens_rev': (0.158, 0.041)} one-sided -0.027 128 s
10-05 03:41 z9100_y3000_x6600 x valid 0.381 {'ens_fwd': (0.206, 0.126), 'ens_rev': (0.009, 0.005)} one-sided 0.197 124 s
10-05 03:43 z9100_y5400_x1800 y valid 0.4 {'ens_fwd': (0.0, 0.0), 'ens_rev': (0.033, 0.092)} one-sided -0.033 122 s
10-05 03:45 z11700_y4200_x4200 y valid 0.416 {'ens_fwd': (0.188, 0.111), 'ens_rev': (0.042, 0.017)} one-sided 0.146 154 s
10-05 03:48 z13000_y4200_x4200 y valid 0.526 {'ens_fwd': (0.108, 0.012), 'ens_rev': (0.246, 0.079)} one-sided -0.138 154 s
10-05 03:51 z7800_y5400_x4200 y valid 0.606 {'ens_fwd': (0.138, 0.029), 'ens_rev': (0.014, 0.006)} one-sided 0.124 172 s
10-05 03:53 z6500_y5400_x5400 y valid 0.773 {'ens_fwd': (0.234, 0.106), 'ens_rev': (0.306, 0.1)} one-sided -0.072 157 s
10-05 03:56 z11700_y4200_x5400 y valid 0.689 {'ens_fwd': (0.327, 0.162), 'ens_rev': (0.004, 0.001)} one-sided 0.323 155 s
10-05 03:59 z7800_y4200_x4200 y valid 0.793 {'ens_fwd': (0.013, 0.006), 'ens_rev': (0.0, 0.0)} one-sided 0.013 164 s
10-05 04:01 z6500_y4200_x5400 y valid 0.845 {'ens_fwd': (0.053, 0.057), 'ens_rev': (0.045, 0.012)} one-sided 0.008 161 s
10-05 04:04 z6500_y5400_x4200 y valid 0.701 {'ens_fwd': (0.081, 0.038), 'ens_rev': (0.038, 0.033)} one-sided 0.043 156 s
10-05 04:07 z7800_y5400_x5400 x valid 0.725 {'ens_fwd': (0.221, 0.141), 'ens_rev': (0.137, 0.042)} one-sided 0.084 170 s
10-05 04:09 z13000_y3000_x4200 y valid 0.83 {'ens_fwd': (0.143, 0.03), 'ens_rev': (0.271, 0.059)} one-sided -0.128 151 s
10-05 04:12 z13000_y4200_x5400 x valid 0.471 {'ens_fwd': (0.345, 0.206), 'ens_rev': (0.003, 0.004)} one-sided 0.342 151 s
10-05 04:15 z7800_y4200_x5400 y valid 0.49 {'ens_fwd': (0.023, 0.02), 'ens_rev': (0.001, 0.001)} one-sided 0.022 164 s
10-05 04:17 z6500_y4200_x4200 y valid 0.884 {'ens_fwd': (0.49, 0.145), 'ens_rev': (0.612, 0.208)} one-sided -0.122 161 s
10-05 04:20 z11700_y3000_x4200 y valid 0.659 {'ens_fwd': (0.904, 0.292), 'ens_rev': (0.386, 0.064)} one-sided 0.518 152 s
10-05 04:22 z13000_y3000_x5400 y valid 0.674 {'ens_fwd': (0.192, 0.072), 'ens_rev': (0.041, 0.009)} one-sided 0.151 154 s
10-05 04:25 z11700_y3000_x5400 y valid 0.785 {'ens_fwd': (0.214, 0.082), 'ens_rev': (0.35, 0.077)} one-sided -0.136 155 s
10-05 04:28 z11700_y5400_x4200 x valid 0.197 {'ens_fwd': (0.0, 0.0), 'ens_rev': (0.0, 0.0)} one-sided 0.0 157 s
10-05 04:30 z11700_y5400_x5400 y valid 0.939 {'ens_fwd': (0.343, 0.313), 'ens_rev': (0.242, 0.199)} one-sided 0.101 160 s
10-05 04:33 z13000_y4200_x3000 x valid 0.275 {'ens_fwd': (0.058, 0.212), 'ens_rev': (0.022, 0.075)} one-sided 0.036 164 s
10-05 04:36 z13000_y5400_x4200 x valid 0.522 {'ens_fwd': (0.791, 0.209), 'ens_rev': (0.018, 0.005)} one-sided 0.773 165 s
10-05 04:38 z11700_y4200_x3000 x valid 0.868 {'ens_fwd': (0.016, 0.014), 'ens_rev': (0.004, 0.007)} one-sided 0.012 154 s
10-05 04:40 z13000_y3000_x3000 x valid 0.415 {'ens_fwd': (0.264, 0.195), 'ens_rev': (0.102, 0.157)} one-sided 0.162 134 s
10-05 04:43 z13000_y5400_x5400 y valid 0.619 {'ens_fwd': (0.232, 0.04), 'ens_rev': (0.049, 0.014)} one-sided 0.183 159 s
10-05 04:46 z7800_y5400_x3000 y valid 0.941 {'ens_fwd': (0.322, 0.06), 'ens_rev': (0.238, 0.062)} one-sided 0.084 186 s
10-05 04:49 z7800_y4200_x3000 y valid 0.603 {'ens_fwd': (0.195, 0.055), 'ens_rev': (0.032, 0.015)} one-sided 0.163 169 s
10-05 04:52 z6500_y5400_x6600 y valid 0.619 {'ens_fwd': (0.039, 0.051), 'ens_rev': (0.032, 0.014)} one-sided 0.007 166 s
10-05 04:55 z6500_y6600_x5400 y valid 0.879 {'ens_fwd': (0.112, 0.018), 'ens_rev': (0.115, 0.031)} one-sided -0.003 164 s
10-05 04:57 z7800_y6600_x5400 y valid 0.938 {'ens_fwd': (0.642, 0.192), 'ens_rev': (0.267, 0.041)} one-sided 0.375 171 s
10-05 05:00 z6500_y4200_x6600 y valid 0.597 {'ens_fwd': (0.067, 0.158), 'ens_rev': (0.001, 0.005)} one-sided 0.066 159 s
10-05 05:03 z11700_y4200_x6600 x valid 0.92 {'ens_fwd': (0.219, 0.046), 'ens_rev': (0.254, 0.053)} one-sided -0.035 169 s
10-05 05:06 z7800_y5400_x6600 y valid 0.861 {'ens_fwd': (0.029, 0.009), 'ens_rev': (0.099, 0.017)} one-sided -0.07 188 s
10-05 05:08 z11700_y3000_x3000 y valid 0.312 {'ens_fwd': (0.034, 0.014), 'ens_rev': (0.002, 0.002)} one-sided 0.032 128 s
10-05 05:11 z6500_y3000_x5400 y valid 0.437 {'ens_fwd': (0.125, 0.103), 'ens_rev': (0.111, 0.111)} one-sided 0.014 153 s
10-05 05:14 z6500_y5400_x3000 y valid 0.812 {'ens_fwd': (0.385, 0.069), 'ens_rev': (0.0, 0.0)} one-sided 0.385 181 s
10-05 05:16 z7800_y3000_x5400 track failed 134 s
10-05 05:19 z7800_y4200_x6600 x valid 0.651 {'ens_fwd': (0.127, 0.249), 'ens_rev': (0.073, 0.142)} one-sided 0.054 201 s
10-05 05:22 z13000_y4200_x6600 x valid 0.508 {'ens_fwd': (0.164, 0.055), 'ens_rev': (0.0, 0.0)} one-sided 0.164 182 s
10-05 05:26 z6500_y4200_x3000 y valid 0.49 {'ens_fwd': (0.22, 0.2), 'ens_rev': (0.296, 0.319)} one-sided -0.076 203 s
10-05 05:28 z11700_y5400_x3000 x valid 0.305 {'ens_fwd': (0.0, 0.001), 'ens_rev': (0.07, 0.148)} one-sided -0.07 136 s
10-05 05:31 z13000_y3000_x6600 x valid 0.613 {'ens_fwd': (0.614, 0.329), 'ens_rev': (0.054, 0.023)} one-sided 0.56 212 s
10-05 05:35 z11700_y3000_x6600 x valid 0.708 {'ens_fwd': (0.335, 0.163), 'ens_rev': (0.064, 0.031)} one-sided 0.271 228 s
10-05 05:39 z11700_y5400_x6600 y valid 0.472 {'ens_fwd': (0.282, 0.114), 'ens_rev': (0.0, 0.0)} one-sided 0.282 196 s
10-05 05:42 z13000_y4200_x1800 y valid 0.605 {'ens_fwd': (0.0, 0.0), 'ens_rev': (0.022, 0.016)} one-sided -0.022 191 s
10-05 05:44 z11700_y4200_x1800 y valid 0.479 {'ens_fwd': (0.164, 0.051), 'ens_rev': (0.056, 0.022)} one-sided 0.108 165 s
10-05 05:47 z7800_y5400_x1800 y valid 0.416 {'ens_fwd': (0.511, 0.143), 'ens_rev': (0.212, 0.215)} one-sided 0.299 180 s
10-05 05:51 z15600_y4200_x4200 x valid 0.468 {'ens_fwd': (0.0, 0.0), 'ens_rev': (0.0, 0.0)} one-sided 0.0 206 s
10-05 05:54 z14300_y4200_x4200 y valid 0.485 {'ens_fwd': (0.0, 0.0), 'ens_rev': (0.0, 0.0)} one-sided 0.0 203 s
10-05 05:58 z3900_y4200_x5400 x valid 0.711 {'ens_fwd': (0.001, 0.009), 'ens_rev': (0.047, 0.087)} one-sided -0.046 239 s
10-05 06:02 z5200_y4200_x5400 x valid 0.636 {'ens_fwd': (0.0, 0.0), 'ens_rev': (0.0, 0.0)} one-sided 0.0 232 s
10-05 06:05 z5200_y5400_x5400 y valid 0.671 {'ens_fwd': (0.058, 0.043), 'ens_rev': (0.002, 0.002)} one-sided 0.056 190 s
10-05 06:08 z3900_y4200_x4200 x valid 0.303 {'ens_fwd': (0.0, 0.0), 'ens_rev': (0.0, 0.0)} one-sided 0.0 173 s
10-05 06:11 z14300_y4200_x5400 x valid 0.385 {'ens_fwd': (0.172, 0.219), 'ens_rev': (0.147, 0.12)} one-sided 0.025 156 s
10-05 06:13 z5200_y4200_x4200 y valid 0.623 {'ens_fwd': (0.269, 0.203), 'ens_rev': (0.046, 0.066)} one-sided 0.223 158 s
10-05 06:16 z14300_y5400_x4200 x valid 0.506 {'ens_fwd': (0.0, 0.0), 'ens_rev': (0.0, 0.0)} one-sided 0.0 158 s
10-05 06:18 z3900_y5400_x5400 y valid 0.575 {'ens_fwd': (0.153, 0.201), 'ens_rev': (0.161, 0.236)} one-sided -0.008 138 s
10-05 06:21 z5200_y5400_x4200 y valid 0.767 {'ens_fwd': (0.001, 0.004), 'ens_rev': (0.035, 0.007)} one-sided -0.034 167 s
10-05 06:24 z15600_y4200_x3000 x valid 0.592 {'ens_fwd': (0.338, 0.185), 'ens_rev': (0.054, 0.02)} one-sided 0.284 152 s
10-05 06:26 z15600_y5400_x4200 y valid 0.818 {'ens_fwd': (0.027, 0.011), 'ens_rev': (0.014, 0.03)} one-sided 0.013 167 s
10-05 06:29 z14300_y3000_x4200 y valid 0.678 {'ens_fwd': (0.386, 0.133), 'ens_rev': (0.181, 0.113)} one-sided 0.205 162 s
10-05 06:32 z14300_y4200_x3000 y valid 0.396 {'ens_fwd': (0.034, 0.029), 'ens_rev': (0.026, 0.032)} one-sided 0.008 160 s
10-05 06:35 z15600_y3000_x4200 x valid 0.538 {'ens_fwd': (0.061, 0.045), 'ens_rev': (0.001, 0.001)} one-sided 0.06 163 s
10-05 06:37 z3900_y5400_x4200 y valid 0.494 {'ens_fwd': (0.174, 0.081), 'ens_rev': (0.05, 0.021)} one-sided 0.124 170 s
10-05 06:40 z15600_y4200_x5400 y valid 0.302 {'ens_fwd': (0.214, 0.17), 'ens_rev': (0.0, 0.0)} one-sided 0.214 183 s
10-05 06:44 z14300_y5400_x5400 x valid 0.374 {'ens_fwd': (0.011, 0.074), 'ens_rev': (0.0, 0.0)} one-sided 0.011 217 s
10-05 06:47 z3900_y3000_x5400 y valid 0.809 {'ens_fwd': (0.217, 0.048), 'ens_rev': (0.23, 0.128)} one-sided -0.013 157 s
10-05 06:49 z3900_y4200_x6600 x valid 0.939 {'ens_fwd': (0.063, 0.013), 'ens_rev': (0.099, 0.042)} one-sided -0.036 157 s
10-05 06:52 z14300_y3000_x5400 x valid 0.476 {'ens_fwd': (0.007, 0.004), 'ens_rev': (0.0, 0.0)} one-sided 0.007 171 s
10-05 06:55 z15600_y5400_x3000 x valid 0.374 {'ens_fwd': (0.05, 0.014), 'ens_rev': (0.001, 0.0)} one-sided 0.049 144 s
10-05 06:57 z14300_y5400_x3000 x valid 0.592 {'ens_fwd': (0.058, 0.409), 'ens_rev': (0.0, 0.0)} one-sided 0.058 142 s
10-05 07:00 z15600_y3000_x3000 x valid 0.652 {'ens_fwd': (0.014, 0.007), 'ens_rev': (0.0, 0.0)} one-sided 0.014 165 s
10-05 07:02 z3900_y3000_x4200 x valid 0.561 {'ens_fwd': (0.052, 0.031), 'ens_rev': (0.063, 0.085)} one-sided -0.011 158 s
10-05 07:05 z5200_y4200_x6600 y valid 0.35 {'ens_fwd': (0.033, 0.071), 'ens_rev': (0.05, 0.126)} one-sided -0.017 169 s
10-05 07:08 z5200_y5400_x6600 x valid 0.739 {'ens_fwd': (0.021, 0.003), 'ens_rev': (0.056, 0.024)} one-sided -0.035 160 s
10-05 07:10 z14300_y3000_x3000 y valid 0.386 {'ens_fwd': (0.053, 0.048), 'ens_rev': (0.007, 0.005)} one-sided 0.046 139 s
10-05 07:12 z15600_y5400_x5400 y valid 0.306 {'ens_fwd': (0.004, 0.01), 'ens_rev': (0.027, 0.073)} one-sided -0.023 139 s
10-05 07:15 z3900_y5400_x6600 x valid 0.593 {'ens_fwd': (0.186, 0.049), 'ens_rev': (0.077, 0.048)} one-sided 0.109 153 s
10-05 07:18 z5200_y3000_x5400 x valid 0.475 {'ens_fwd': (0.0, 0.0), 'ens_rev': (0.0, 0.0)} one-sided 0.0 168 s
10-05 07:20 z15600_y3000_x5400 y valid 0.343 {'ens_fwd': (0.261, 0.1), 'ens_rev': (0.051, 0.087)} one-sided 0.21 137 s
10-05 07:22 z5200_y3000_x4200 x valid 0.499 {'ens_fwd': (0.0, 0.0), 'ens_rev': (0.004, 0.01)} one-sided -0.004 134 s
10-05 07:25 z5200_y6600_x5400 y valid 0.817 {'ens_fwd': (0.3, 0.057), 'ens_rev': (0.135, 0.046)} one-sided 0.165 157 s
10-05 07:27 z3900_y3000_x6600 x valid 0.581 {'ens_fwd': (0.176, 0.067), 'ens_rev': (0.084, 0.029)} one-sided 0.092 153 s
10-05 07:31 z14300_y4200_x6600 x valid 0.533 {'ens_fwd': (0.122, 0.067), 'ens_rev': (0.004, 0.005)} one-sided 0.118 186 s
10-05 07:33 z5200_y6600_x4200 y valid 0.593 {'ens_fwd': (0.247, 0.09), 'ens_rev': (0.208, 0.063)} one-sided 0.039 149 s
10-05 07:36 z3900_y4200_x3000 x valid 0.45 {'ens_fwd': (0.282, 0.063), 'ens_rev': (0.044, 0.055)} one-sided 0.238 154 s
10-05 07:38 z5200_y4200_x3000 y valid 0.638 {'ens_fwd': (0.0, 0.0), 'ens_rev': (0.0, 0.0)} one-sided 0.0 158 s
10-05 07:41 z14300_y6600_x4200 y valid 0.765 {'ens_fwd': (0.009, 0.002), 'ens_rev': (0.123, 0.103)} one-sided -0.114 156 s
10-05 07:44 z5200_y5400_x3000 y valid 0.46 {'ens_fwd': (0.031, 0.095), 'ens_rev': (0.259, 0.041)} one-sided -0.228 169 s
10-05 07:46 z3900_y6600_x5400 y valid 0.623 {'ens_fwd': (0.16, 0.066), 'ens_rev': (0.0, 0.0)} one-sided 0.16 164 s
10-05 07:49 z14300_y5400_x6600 y valid 0.687 {'ens_fwd': (0.006, 0.002), 'ens_rev': (0.055, 0.023)} one-sided -0.049 157 s
10-05 07:52 z15600_y4200_x1800 y valid 0.305 {'ens_fwd': (0.0, 0.0), 'ens_rev': (0.01, 0.004)} one-sided -0.01 172 s
10-05 07:54 z3900_y5400_x3000 y valid 0.424 {'ens_fwd': (0.053, 0.025), 'ens_rev': (0.009, 0.009)} one-sided 0.044 139 s
10-05 07:57 z14300_y1800_x4200 y valid 0.721 {'ens_fwd': (0.123, 0.02), 'ens_rev': (0.117, 0.043)} one-sided 0.006 140 s
10-05 07:59 z14300_y6600_x5400 x valid 0.507 {'ens_fwd': (0.431, 0.303), 'ens_rev': (0.099, 0.17)} one-sided 0.332 159 s
10-05 08:02 z15600_y6600_x4200 x valid 0.402 {'ens_fwd': (0.0, 0.0), 'ens_rev': (0.0, 0.0)} one-sided 0.0 173 s
10-05 08:04 z3900_y6600_x4200 x valid 0.35 {'ens_fwd': (0.125, 0.058), 'ens_rev': (0.018, 0.018)} one-sided 0.107 142 s
10-05 08:07 z14300_y4200_x1800 x valid 0.511 {'ens_fwd': (0.069, 0.024), 'ens_rev': (0.084, 0.036)} one-sided -0.015 147 s
10-05 08:09 z5200_y3000_x6600 x valid 0.53 {'ens_fwd': (0.499, 0.237), 'ens_rev': (0.028, 0.011)} one-sided 0.471 132 s
10-05 08:11 z15600_y1800_x4200 y valid 0.47 {'ens_fwd': (0.028, 0.007), 'ens_rev': (0.008, 0.005)} one-sided 0.02 137 s
10-05 08:14 z2600_y4200_x5400 x valid 0.455 {'ens_fwd': (0.089, 0.068), 'ens_rev': (0.051, 0.131)} one-sided 0.038 164 s
10-05 08:17 z2600_y4200_x4200 x valid 0.719 {'ens_fwd': (0.17, 0.047), 'ens_rev': (0.17, 0.127)} one-sided 0.0 166 s
10-05 08:20 z2600_y5400_x5400 x valid 0.686 {'ens_fwd': (0.0, 0.0), 'ens_rev': (0.0, 0.0)} one-sided 0.0 174 s
10-05 08:23 z2600_y5400_x4200 x valid 0.515 {'ens_fwd': (0.235, 0.151), 'ens_rev': (0.353, 0.553)} one-sided -0.118 174 s
10-05 08:25 z2600_y3000_x5400 y valid 0.881 {'ens_fwd': (0.233, 0.028), 'ens_rev': (0.113, 0.019)} one-sided 0.12 159 s
10-05 08:28 z16900_y5400_x3000 x valid 0.227 {'ens_fwd': (0.0, 0.0), 'ens_rev': (0.025, 0.015)} one-sided -0.025 188 s
10-05 08:31 z2600_y3000_x4200 x valid 0.457 {'ens_fwd': (0.0, 0.0), 'ens_rev': (0.024, 0.035)} one-sided -0.024 163 s
10-05 08:34 z2600_y4200_x6600 x valid 0.897 {'ens_fwd': (0.04, 0.015), 'ens_rev': (0.001, 0.0)} one-sided 0.039 160 s
10-05 08:37 z2600_y4200_x3000 x valid 0.746 {'ens_fwd': (0.0, 0.0), 'ens_rev': (0.0, 0.0)} one-sided 0.0 161 s
10-05 08:39 z2600_y5400_x6600 x valid 0.512 {'ens_fwd': (0.0, 0.0), 'ens_rev': (0.002, 0.006)} one-sided -0.002 150 s
10-05 08:42 z2600_y3000_x6600 x valid 0.789 {'ens_fwd': (0.06, 0.021), 'ens_rev': (0.023, 0.013)} one-sided 0.037 159 s
10-05 08:44 z2600_y5400_x3000 x valid 0.572 {'ens_fwd': (0.0, 0.0), 'ens_rev': (0.129, 0.104)} one-sided -0.129 158 s
10-05 08:47 z2600_y3000_x3000 x valid 0.423 {'ens_fwd': (0.001, 0.001), 'ens_rev': (0.208, 0.171)} one-sided -0.207 191 s
10-05 08:50 z2600_y6600_x4200 x valid 0.474 {'ens_fwd': (0.584, 0.729), 'ens_rev': (0.0, 0.0)} one-sided 0.584 138 s
10-05 08:52 z2600_y6600_x5400 y valid 0.665 {'ens_fwd': (0.298, 0.147), 'ens_rev': (0.088, 0.119)} one-sided 0.21 154 s
10-05 08:55 z2600_y1800_x5400 y valid 0.856 {'ens_fwd': (0.72, 0.428), 'ens_rev': (0.242, 0.073)} one-sided 0.478 164 s
10-05 09:02 PHerc0343 140 sites {'y': 75, 'x': 65}
10-05 09:07 z7800_y3000_x5400 y valid 0.707 {'ens_fwd': (0.445, 0.432), 'ens_rev': (0.0, 0.0)} one-sided 0.445 245 s
